lp02wdp01:/root # hostname
lp02wdp01
lp02wdp01:/root # uptime
 15:18pm  up 55 days  0:47,  1 user,  load average: 0.19, 0.35, 0.50
lp02wdp01:/root # who -b
lp02wdp01:/root # uptime
 15:18pm  up 55 days  0:47,  1 user,  load average: 0.19, 0.35, 0.50
lp02wdp01:/root # who -b
         system boot  Aug 30 14:31
lp02wdp01:/root # cat /proc/partitions
major minor  #blocks  name

   8        0  585498624 sda
   8        1    1048578 sda1
   8        2  104858624 sda2
   8        3   33554432 sda3
   8        4  446033920 sda4
 253        0   52428800 dm-0
   8       16   59005440 sdb
   8       19   59003176 sdb3
   8       24   59003176 sdb8
   8       32   59005440 sdc
   8       35   59003176 sdc3
   8       40   59003176 sdc8
   8       48   59005440 sdd
   8       51   59003176 sdd3
   8       56   59003176 sdd8
   8       64   59005440 sde
   8       67   59003176 sde3
   8       72   59003176 sde8
   8       80   59005440 sdf
   8       83   59003176 sdf3
   8       88   59003176 sdf8
   8       96   59005440 sdg
   8       99   59003176 sdg3
   8      104   59003176 sdg8
   8      112   59005440 sdh
   8      115   59003176 sdh3
   8      120   59003176 sdh8
   8      128   59005440 sdi
   8      131   59003176 sdi3
   8      136   59003176 sdi8
   8      144   14751360 sdj
   8      147   14750792 sdj3
   8      152   14750792 sdj8
   8      160   14751360 sdk
   8      163   14750792 sdk3
   8      168   14750792 sdk8
   8      176  118010880 sdl
   8      179  118006352 sdl3
   8      184  118006352 sdl8
   8      192  118010880 sdm
   8      195  118006352 sdm3
   8      200  118006352 sdm8
   8      208  236021760 sdn
   8      211  236013712 sdn3
   8      216  236013712 sdn8
   8      224  236021760 sdo
   8      227  236013712 sdo3
   8      232  236013712 sdo8
   8      240   59005440 sdp
   8      243   59003176 sdp3
   8      248   59003176 sdp8
  65        0   59005440 sdq
  65        3   59003176 sdq3
  65        8   59003176 sdq8
  65       16   59005440 sdr
  65       19   59003176 sdr3
  65       24   59003176 sdr8
  65       32   59005440 sds
  65       35   59003176 sds3
  65       40   59003176 sds8
  65       48   59005440 sdt
  65       51   59003176 sdt3
  65       56   59003176 sdt8
  65       64   59005440 sdu
  65       67   59003176 sdu3
  65       72   59003176 sdu8
  65       80   59005440 sdv
  65       83   59003176 sdv3
  65       88   59003176 sdv8
  65       96   59005440 sdw
  65       99   59003176 sdw3
  65      104   59003176 sdw8
  65      112   59005440 sdx
  65      115   59003176 sdx3
  65      120   59003176 sdx8
  65      128   14751360 sdy
  65      131   14750792 sdy3
  65      136   14750792 sdy8
  65      144   14751360 sdz
  65      147   14750792 sdz3
  65      152   14750792 sdz8
  65      160  118010880 sdaa
  65      163  118006352 sdaa3
  65      168  118006352 sdaa8
  65      176  118010880 sdab
  65      179  118006352 sdab3
  65      184  118006352 sdab8
  65      192   59005440 sdac
  65      195   59003176 sdac3
  65      200   59003176 sdac8
  65      208   59005440 sdad
  65      211   59003176 sdad3
  65      216   59003176 sdad8
  65      224   59005440 sdae
  65      227   59003176 sdae3
  65      232   59003176 sdae8
  65      240   59005440 sdaf
  65      243   59003176 sdaf3
  65      248   59003176 sdaf8
  66        0   59005440 sdag
  66        3   59003176 sdag3
  66        8   59003176 sdag8
  66       16   59005440 sdah
  66       19   59003176 sdah3
  66       24   59003176 sdah8
  66       32   59005440 sdai
  66       35   59003176 sdai3
  66       40   59003176 sdai8
  66       48   59005440 sdaj
  66       51   59003176 sdaj3
  66       56   59003176 sdaj8
  66       64   59005440 sdak
  66       67   59003176 sdak3
  66       72   59003176 sdak8
  66       80   59005440 sdal
  66       83   59003176 sdal3
  66       88   59003176 sdal8
  66       96   59005440 sdam
  66       99   59003176 sdam3
  66      104   59003176 sdam8
  66      112   59005440 sdan
  66      115   59003176 sdan3
  66      120   59003176 sdan8
  66      128   14751360 sdao
  66      131   14750792 sdao3
  66      136   14750792 sdao8
  66      144   14751360 sdap
  66      147   14750792 sdap3
  66      152   14750792 sdap8
  66      160  118010880 sdaq
  66      163  118006352 sdaq3
  66      168  118006352 sdaq8
  66      176  118010880 sdar
  66      179  118006352 sdar3
  66      184  118006352 sdar8
  66      192  236021760 sdas
  66      195  236013712 sdas3
  66      200  236013712 sdas8
  66      208  236021760 sdat
  66      211  236013712 sdat3
  66      216  236013712 sdat8
  66      224   59005440 sdau
  66      227   59003176 sdau3
  66      232   59003176 sdau8
  66      240   59005440 sdav
  66      243   59003176 sdav3
  66      248   59003176 sdav8
  67        0   59005440 sdaw
  67        3   59003176 sdaw3
  67        8   59003176 sdaw8
  67       16   59005440 sdax
  67       19   59003176 sdax3
  67       24   59003176 sdax8
  67       32   59005440 sday
  67       35   59003176 sday3
  67       40   59003176 sday8
  67       48   59005440 sdaz
  67       51   59003176 sdaz3
  67       56   59003176 sdaz8
  67       64   59005440 sdba
  67       67   59003176 sdba3
  67       72   59003176 sdba8
  67       80   59005440 sdbb
  67       83   59003176 sdbb3
  67       88   59003176 sdbb8
  67       96   59005440 sdbc
  67       99   59003176 sdbc3
  67      104   59003176 sdbc8
  67      128   14751360 sdbe
  67      131   14750792 sdbe3
  67      136   14750792 sdbe8
  67      112   14751360 sdbd
  67      115   14750792 sdbd3
  67      120   14750792 sdbd8
  67      144  118010880 sdbf
  67      147  118006352 sdbf3
  67      152  118006352 sdbf8
  67      160  118010880 sdbg
  67      163  118006352 sdbg3
  67      168  118006352 sdbg8
  67      176   59005440 sdbh
  67      179   59003176 sdbh3
  67      184   59003176 sdbh8
  67      192   59005440 sdbi
  67      195   59003176 sdbi3
  67      200   59003176 sdbi8
  67      208   59005440 sdbj
  67      211   59003176 sdbj3
  67      216   59003176 sdbj8
  67      224   59005440 sdbk
  67      227   59003176 sdbk3
  67      232   59003176 sdbk8
  67      240   59005440 sdbl
  67      243   59003176 sdbl3
  67      248   59003176 sdbl8
  68        0   59005440 sdbm
  68        3   59003176 sdbm3
  68        8   59003176 sdbm8
  68       16   59005440 sdbn
  68       19   59003176 sdbn3
  68       24   59003176 sdbn8
  68       32   59005440 sdbo
  68       35   59003176 sdbo3
  68       40   59003176 sdbo8
  68       48   59005440 sdbp
  68       51   59003176 sdbp3
  68       56   59003176 sdbp8
  68       64   59005440 sdbq
  68       67   59003176 sdbq3
  68       72   59003176 sdbq8
  68       80   59005440 sdbr
  68       83   59003176 sdbr3
  68       88   59003176 sdbr8
  68       96   59005440 sdbs
  68       99   59003176 sdbs3
  68      104   59003176 sdbs8
  68      112   14751360 sdbt
  68      115   14750792 sdbt3
  68      120   14750792 sdbt8
  68      128   14751360 sdbu
  68      131   14750792 sdbu3
  68      136   14750792 sdbu8
  68      144  118010880 sdbv
  68      147  118006352 sdbv3
  68      152  118006352 sdbv8
  68      160  118010880 sdbw
  68      163  118006352 sdbw3
  68      168  118006352 sdbw8
  68      176  236021760 sdbx
  68      179  236013712 sdbx3
  68      184  236013712 sdbx8
  68      192  236021760 sdby
  68      195  236013712 sdby3
  68      200  236013712 sdby8
  68      208   59005440 sdbz
  68      211   59003176 sdbz3
  68      216   59003176 sdbz8
  68      224   59005440 sdca
  68      227   59003176 sdca3
  68      232   59003176 sdca8
  68      240   59005440 sdcb
  68      243   59003176 sdcb3
  68      248   59003176 sdcb8
  69        0   59005440 sdcc
  69        3   59003176 sdcc3
  69        8   59003176 sdcc8
  69       16   59005440 sdcd
  69       19   59003176 sdcd3
  69       24   59003176 sdcd8
  69       48   59005440 sdcf
  69       51   59003176 sdcf3
  69       56   59003176 sdcf8
  69       32   59005440 sdce
  69       35   59003176 sdce3
  69       40   59003176 sdce8
  69       64   59005440 sdcg
  69       67   59003176 sdcg3
  69       72   59003176 sdcg8
  69       80   59005440 sdch
  69       83   59003176 sdch3
  69       88   59003176 sdch8
  69       96   14751360 sdci
  69       99   14750792 sdci3
  69      104   14750792 sdci8
  69      112   14751360 sdcj
  69      115   14750792 sdcj3
  69      120   14750792 sdcj8
  69      128  118010880 sdck
  69      131  118006352 sdck3
  69      136  118006352 sdck8
  69      144  118010880 sdcl
  69      147  118006352 sdcl3
  69      152  118006352 sdcl8
  69      160   59005440 sdcm
  69      163   59003176 sdcm3
  69      168   59003176 sdcm8
  69      176   59005440 sdcn
  69      179   59003176 sdcn3
  69      184   59003176 sdcn8
  69      192   59005440 sdco
  69      195   59003176 sdco3
  69      200   59003176 sdco8
  69      224   59005440 sdcq
  69      227   59003176 sdcq3
  69      232   59003176 sdcq8
  69      240   59005440 sdcr
  69      243   59003176 sdcr3
  69      248   59003176 sdcr8
  70        0   59005440 sdcs
  70        3   59003176 sdcs3
  70        8   59003176 sdcs8
  69      208   59005440 sdcp
  69      211   59003176 sdcp3
  69      216   59003176 sdcp8
  70       16   59005440 sdct
  70       19   59003176 sdct3
  70       24   59003176 sdct8
  70       32   59005440 sdcu
  70       35   59003176 sdcu3
  70       40   59003176 sdcu8
  70       48   59005440 sdcv
  70       51   59003176 sdcv3
  70       56   59003176 sdcv8
  70       64   59005440 sdcw
  70       67   59003176 sdcw3
  70       72   59003176 sdcw8
  70       80   59005440 sdcx
  70       83   59003176 sdcx3
  70       88   59003176 sdcx8
  70      112   14751360 sdcz
  70      115   14750792 sdcz3
  70      120   14750792 sdcz8
  70       96   14751360 sdcy
  70       99   14750792 sdcy3
  70      104   14750792 sdcy8
  70      128  118010880 sdda
  70      131  118006352 sdda3
  70      136  118006352 sdda8
  70      144  118010880 sddb
  70      147  118006352 sddb3
  70      152  118006352 sddb8
  70      160  236021760 sddc
  70      163  236013712 sddc3
  70      168  236013712 sddc8
  70      176  236021760 sddd
  70      179  236013712 sddd3
  70      184  236013712 sddd8
  70      192   59005440 sdde
  70      195   59003176 sdde3
  70      200   59003176 sdde8
  70      208   59005440 sddf
  70      211   59003176 sddf3
  70      216   59003176 sddf8
  70      224   59005440 sddg
  70      227   59003176 sddg3
  70      232   59003176 sddg8
  70      240   59005440 sddh
  70      243   59003176 sddh3
  70      248   59003176 sddh8
  71        0   59005440 sddi
  71        3   59003176 sddi3
  71        8   59003176 sddi8
  71       16   59005440 sddj
  71       19   59003176 sddj3
  71       24   59003176 sddj8
  71       32   59005440 sddk
  71       35   59003176 sddk3
  71       40   59003176 sddk8
  71       48   59005440 sddl
  71       51   59003176 sddl3
  71       56   59003176 sddl8
  71       80   14751360 sddn
  71       83   14750792 sddn3
  71       88   14750792 sddn8
  71       64   59005440 sddm
  71       67   59003176 sddm3
  71       72   59003176 sddm8
  71       96   14751360 sddo
  71       99   14750792 sddo3
  71      104   14750792 sddo8
  71      112  118010880 sddp
  71      115  118006352 sddp3
  71      120  118006352 sddp8
  71      128  118010880 sddq
  71      131  118006352 sddq3
  71      136  118006352 sddq8
  71      144   59005440 sddr
  71      147   59003176 sddr3
  71      152   59003176 sddr8
  71      160   59005440 sdds
  71      163   59003176 sdds3
  71      168   59003176 sdds8
  71      176   59005440 sddt
  71      179   59003176 sddt3
  71      184   59003176 sddt8
  71      192   59005440 sddu
  71      195   59003176 sddu3
  71      200   59003176 sddu8
 201       16  585498624 VxDMP2
 201       17    1048578 VxDMP2p1
 201       18  104858624 VxDMP2p2
 201       19   33554432 VxDMP2p3
 201       20  446033920 VxDMP2p4
 201       32   59005440 VxDMP3
 201       35   59003176 VxDMP3p3
 201       40   59003176 VxDMP3p8
 201       48   59005440 VxDMP4
 201       51   59003176 VxDMP4p3
 201       56   59003176 VxDMP4p8
 201       64  236021760 VxDMP5
 201       67  236013712 VxDMP5p3
 201       72  236013712 VxDMP5p8
 201       80   59005440 VxDMP6
 201       83   59003176 VxDMP6p3
 201       88   59003176 VxDMP6p8
 201       96   59005440 VxDMP7
 201       99   59003176 VxDMP7p3
 201      104   59003176 VxDMP7p8
 201      112  118010880 VxDMP8
 201      115  118006352 VxDMP8p3
 201      120  118006352 VxDMP8p8
 201      128   59005440 VxDMP9
 201      131   59003176 VxDMP9p3
 201      136   59003176 VxDMP9p8
 201      144  118010880 VxDMP10
 201      147  118006352 VxDMP10p3
 201      152  118006352 VxDMP10p8
 201      160  118010880 VxDMP11
 201      163  118006352 VxDMP11p3
 201      168  118006352 VxDMP11p8
 201      176   59005440 VxDMP12
 201      179   59003176 VxDMP12p3
 201      184   59003176 VxDMP12p8
 201      192  236021760 VxDMP13
 201      195  236013712 VxDMP13p3
 201      200  236013712 VxDMP13p8
 201      208   14751360 VxDMP14
 201      211   14750792 VxDMP14p3
 201      216   14750792 VxDMP14p8
 201      224   14751360 VxDMP15
 201      227   14750792 VxDMP15p3
 201      232   14750792 VxDMP15p8
 201      240   59005440 VxDMP16
 201      243   59003176 VxDMP16p3
 201      248   59003176 VxDMP16p8
 201      256   59005440 VxDMP17
 201      259   59003176 VxDMP17p3
 201      264   59003176 VxDMP17p8
 201      272   14751360 VxDMP18
 201      275   14750792 VxDMP18p3
 201      280   14750792 VxDMP18p8
 201      288  118010880 VxDMP19
 201      291  118006352 VxDMP19p3
 201      296  118006352 VxDMP19p8
 201      304   14751360 VxDMP20
 201      307   14750792 VxDMP20p3
 201      312   14750792 VxDMP20p8
 201      320   59005440 VxDMP21
 201      323   59003176 VxDMP21p3
 201      328   59003176 VxDMP21p8
 201      336   59005440 VxDMP22
 201      339   59003176 VxDMP22p3
 201      344   59003176 VxDMP22p8
 201      352   59005440 VxDMP23
 201      355   59003176 VxDMP23p3
 201      360   59003176 VxDMP23p8
 201      368   59005440 VxDMP24
 201      371   59003176 VxDMP24p3
 201      376   59003176 VxDMP24p8
 201      384   59005440 VxDMP25
 201      387   59003176 VxDMP25p3
 201      392   59003176 VxDMP25p8
 201      400   59005440 VxDMP26
 201      403   59003176 VxDMP26p3
 201      408   59003176 VxDMP26p8
 201      416   59005440 VxDMP27
 201      419   59003176 VxDMP27p3
 201      424   59003176 VxDMP27p8
 201      432   59005440 VxDMP28
 201      435   59003176 VxDMP28p3
 201      440   59003176 VxDMP28p8
 201      448   59005440 VxDMP29
 201      451   59003176 VxDMP29p3
 201      456   59003176 VxDMP29p8
 201      464   59005440 VxDMP30
 201      467   59003176 VxDMP30p3
 201      472   59003176 VxDMP30p8
 201      480   59005440 VxDMP31
 201      483   59003176 VxDMP31p3
 201      488   59003176 VxDMP31p8
 201      496   59005440 VxDMP32
 201      499   59003176 VxDMP32p3
 201      504   59003176 VxDMP32p8
 201      512   59005440 VxDMP33
 201      515   59003176 VxDMP33p3
 201      520   59003176 VxDMP33p8
 201      528   59005440 VxDMP34
 201      531   59003176 VxDMP34p3
 201      536   59003176 VxDMP34p8
 201      544  236021760 VxDMP35
 201      547  236013712 VxDMP35p3
 201      552  236013712 VxDMP35p8
 201      560   59005440 VxDMP36
 201      563   59003176 VxDMP36p3
 201      568   59003176 VxDMP36p8
 201      576   59005440 VxDMP37
 201      579   59003176 VxDMP37p3
 201      584   59003176 VxDMP37p8
 201      592   59005440 VxDMP38
 201      595   59003176 VxDMP38p3
 201      600   59003176 VxDMP38p8
 201      608   59005440 VxDMP39
 201      611   59003176 VxDMP39p3
 201      616   59003176 VxDMP39p8
 201      624  118010880 VxDMP40
 201      627  118006352 VxDMP40p3
 201      632  118006352 VxDMP40p8
 201      640  118010880 VxDMP41
 201      643  118006352 VxDMP41p3
 201      648  118006352 VxDMP41p8
 201      656   59005440 VxDMP42
 201      659   59003176 VxDMP42p3
 201      664   59003176 VxDMP42p8
 201      672   14751360 VxDMP43
 201      675   14750792 VxDMP43p3
 201      680   14750792 VxDMP43p8
 201      688  236021760 VxDMP44
 201      691  236013712 VxDMP44p3
 201      696  236013712 VxDMP44p8
 201      704  118010880 VxDMP45
 201      707  118006352 VxDMP45p3
 201      712  118006352 VxDMP45p8
 201      720  118010880 VxDMP46
 201      723  118006352 VxDMP46p3
 201      728  118006352 VxDMP46p8
 201      736   59005440 VxDMP47
 201      739   59003176 VxDMP47p3
 201      744   59003176 VxDMP47p8
 201      752   14751360 VxDMP48
 201      755   14750792 VxDMP48p3
 201      760   14750792 VxDMP48p8
 201      768   14751360 VxDMP49
 201      771   14750792 VxDMP49p3
 201      776   14750792 VxDMP49p8
 201      784   14751360 VxDMP50
 201      787   14750792 VxDMP50p3
 201      792   14750792 VxDMP50p8
 201      800   59005440 VxDMP51
 201      803   59003176 VxDMP51p3
 201      808   59003176 VxDMP51p8
 201      816   59005440 VxDMP52
 201      819   59003176 VxDMP52p3
 201      824   59003176 VxDMP52p8
 201      832   59005440 VxDMP53
 201      835   59003176 VxDMP53p3
 201      840   59003176 VxDMP53p8
 201      848   59005440 VxDMP54
 201      851   59003176 VxDMP54p3
 201      856   59003176 VxDMP54p8
 201      864   59005440 VxDMP55
 201      867   59003176 VxDMP55p3
 201      872   59003176 VxDMP55p8
 201      880   59005440 VxDMP56
 201      883   59003176 VxDMP56p3
 201      888   59003176 VxDMP56p8
 201      896   59005440 VxDMP57
 201      899   59003176 VxDMP57p3
 201      904   59003176 VxDMP57p8
 201      912   59005440 VxDMP58
 201      915   59003176 VxDMP58p3
 201      920   59003176 VxDMP58p8
 201      928   59005440 VxDMP59
 201      931   59003176 VxDMP59p3
 201      936   59003176 VxDMP59p8
 201      944   59005440 VxDMP60
 201      947   59003176 VxDMP60p3
 201      952   59003176 VxDMP60p8
 201      960   59005440 VxDMP61
 201      963   59003176 VxDMP61p3
 201      968   59003176 VxDMP61p8
 201      976   59005440 VxDMP62
 201      979   59003176 VxDMP62p3
 201      984   59003176 VxDMP62p8
 201      992   59005440 VxDMP63
 201      995   59003176 VxDMP63p3
 201     1000   59003176 VxDMP63p8
 201     1008   59005440 VxDMP64
 201     1011   59003176 VxDMP64p3
 201     1016   59003176 VxDMP64p8
 199    13000   69206016 VxVM13000
 199    13001   48234496 VxVM13001
 199     5000  471948288 VxVM5000
 199    30000  117959680 VxVM30000
 199    27000  117926912 VxVM27000
 199    18000  117926912 VxVM18000
 199     7000  117926912 VxVM7000
 199     4000  117926912 VxVM4000
 199        3    7340032 VxVM3
 199        4    7340032 VxVM4
 199     8000    7340032 VxVM8000
 199     8001    7340032 VxVM8001
lp02wdp01:/root # cat /etc/fstab
###
### OS mounts
###
LABEL=ROOT                    /                             btrfs     defaults                      0 1
LABEL=BOOT                    /boot                         ext3      defaults                      0 1
LABEL=ROOT                    /lfs                          btrfs     subvol=@/lfs                  0 0
LABEL=ROOT                    /home                         btrfs     subvol=@/home                 0 0
LABEL=ROOT                    /opt                          btrfs     subvol=@/opt                  0 0
LABEL=ROOT                    /tmp                          btrfs     subvol=@/tmp                  0 0
LABEL=ROOT                    /var/log                      btrfs     subvol=@/var/log              0 0
LABEL=ROOT                    /var/opt                      btrfs     subvol=@/var/opt              0 0
LABEL=ROOT                    /var/spool                    btrfs     subvol=@/var/spool            0 0
LABEL=ROOT                    /var/cache                    btrfs     subvol=@/var/cache            0 0
LABEL=ROOT                    /global/local                 btrfs     subvol=@/global/local         0 0
LABEL=ROOT                    /var/tmp                      btrfs     subvol=@/var/tmp              0 0
LABEL=ROOT                    /.snapshots                   btrfs     subvol=@/.snapshots           0 0
LABEL=ROOT                /usr/sap/saprootsh    btrfs    subvol=@/usr/sap/saprootsh    0 0
LABEL=SWAP                    swap                          swap      pri=42                        0 0
LABEL=LVVARCRASH              /var/crash                    xfs       defaults                      0 0

###
### Application mounts
### Mandatory mount options for SAN/NAS: nofail,x-systemd.device-timeout=20
###


        # NOTE: When adding or modifying VxFS or VxVM entries, add 'nofail'
        # to the mount options to avoid boot failure during system bootup
        # if systemd tries to mount filesystem before VxVM and VXFS have
        # started.

# Added by vxctl 2019-04-12 12:52:46
nv01502304.bmwgroup.net:/f05526/t021213/instsap /nfs/sap/local_instsap  nfs  tcp,bg,hard,intr,vers=3,rsize=32768,wsize=32768,nofail,x-systemd.device-timeout=20  0 0
nv01502303.bmwgroup.net:/f05546/t026092/scripts /nfs/sap/sapscripts  nfs  tcp,bg,hard,intr,vers=3,rsize=32768,wsize=32768,nofail,x-systemd.device-timeout=20  0 0
#nv02400057.bmwgroup.net:/f01420/t011622/sapsst_WDP /nfs/sap/sapsst_WDP  nfs tcp,bg,hard,intr,vers=3,rsize=32768,wsize=32768,nofail,x-systemd.device-timeout=20  0 0
nv02400143.bmwgroup.net:/f05601/t011622/sapsst_WDP   /nfs/sap/sapsst_WDP  nfs tcp,bg,hard,intr,vers=3,rsize=32768,wsize=32768,nofail,x-systemd.device-timeout=20  0 0
nv02400143.bmwgroup.net:/f05601/t011623/sapmnt_WDP /nfs/sap/sapmnt_WDP  nfs tcp,bg,hard,intr,vers=3,rsize=32768,wsize=32768,nofail,x-systemd.device-timeout=20  0 0
nv01501996.bmwgroup.net:/f04386/t017557/sap_transDomain_WXD /nfs/sap/trans_WD  nfs tcp,bg,hard,intr,vers=3,rsize=32768,wsize=32768,nofail,x-systemd.device-timeout=20  0 0

#nv02400057.bmwgroup.net:/f01420/t011624/archive_WD /nfs/sap/archive_WD  nfs tcp,bg,hard,intr,vers=3,rsize=32768,wsize=32768,nofail,x-systemd.device-timeout=20  0 0
nv02400143.bmwgroup.net:/f05601/t011624/archive_WD  /nfs/sap/archive_WD  nfs tcp,bg,hard,intr,vers=3,rsize=32768,wsize=32768,nofail,x-systemd.device-timeout=20  0 0

#nv02400057.bmwgroup.net:/f01420/t011625/sapsst_WDQ /nfs/sap/sapsst_WDQ  nfs tcp,bg,hard,intr,vers=3,rsize=32768,wsize=32768,nofail,x-systemd.device-timeout=20  0 0
nv02400143.bmwgroup.net:/f05600/t011625/sapsst_WDQ /nfs/sap/sapsst_WDQ  nfs tcp,bg,hard,intr,vers=3,rsize=32768,wsize=32768,nofail,x-systemd.device-timeout=20  0 0

nv02400143.bmwgroup.net:/f05601/t011621/sapmnt_WDQ /nfs/sap/sapmnt_WDQ  nfs tcp,bg,hard,intr,vers=3,rsize=32768,wsize=32768,nofail,x-systemd.device-timeout=20  0 0
#TAS000004005361 mount
nv02400143.bmwgroup.net:/f05596/t056062  /nfs/sap/notfallliste nfs defaults,nofail,x-systemd.device-timeout=20 0 0
lp02wdp01:/root # fdisk -l
Disk /dev/sda: 558.4 GiB, 599550590976 bytes, 1170997248 sectors
Units: sectors of 1 * 512 = 512 bytes
Sector size (logical/physical): 512 bytes / 512 bytes
I/O size (minimum/optimal): 512 bytes / 512 bytes
Disklabel type: dos
Disk identifier: 0xa216c4f4

Device     Boot     Start        End   Sectors   Size Id Type
/dev/sda1  *         2048    2099203   2097156     1G 83 Linux
/dev/sda2         2101248  211818495 209717248   100G 83 Linux
/dev/sda3       211818496  278927359  67108864    32G 82 Linux swap / Solaris
/dev/sda4       278929408 1170997247 892067840 425.4G 83 Linux


Disk /dev/mapper/vglocal-lvvarcrash: 50 GiB, 53687091200 bytes, 104857600 sectors
Units: sectors of 1 * 512 = 512 bytes
Sector size (logical/physical): 512 bytes / 512 bytes
I/O size (minimum/optimal): 512 bytes / 512 bytes


Disk /dev/sdb: 56.3 GiB, 60421570560 bytes, 118010880 sectors
Geometry: 16 heads, 113 sectors/track, 65269 cylinders
Units: sectors of 1 * 512 = 512 bytes
Sector size (logical/physical): 512 bytes / 512 bytes
I/O size (minimum/optimal): 512 bytes / 512 bytes
Disklabel type: sun

Device     Start       End   Sectors  Size Id Type       Flags
/dev/sdb3      0 118006351 118006352 56.3G  5 Whole disk    u
/dev/sdb8      0 118006351 118006352 56.3G  f unknown       u


Disk /dev/sdc: 56.3 GiB, 60421570560 bytes, 118010880 sectors
Geometry: 16 heads, 113 sectors/track, 65269 cylinders
Units: sectors of 1 * 512 = 512 bytes
Sector size (logical/physical): 512 bytes / 512 bytes
I/O size (minimum/optimal): 512 bytes / 512 bytes
Disklabel type: sun

Device     Start       End   Sectors  Size Id Type       Flags
/dev/sdc3      0 118006351 118006352 56.3G  5 Whole disk    u
/dev/sdc8      0 118006351 118006352 56.3G  f unknown       u


Disk /dev/sdd: 56.3 GiB, 60421570560 bytes, 118010880 sectors
Geometry: 16 heads, 113 sectors/track, 65269 cylinders
Units: sectors of 1 * 512 = 512 bytes
Sector size (logical/physical): 512 bytes / 512 bytes
I/O size (minimum/optimal): 512 bytes / 512 bytes
Disklabel type: sun

Device     Start       End   Sectors  Size Id Type       Flags
/dev/sdd3      0 118006351 118006352 56.3G  5 Whole disk    u
/dev/sdd8      0 118006351 118006352 56.3G  f unknown       u


Disk /dev/sde: 56.3 GiB, 60421570560 bytes, 118010880 sectors
Geometry: 16 heads, 113 sectors/track, 65269 cylinders
Units: sectors of 1 * 512 = 512 bytes
Sector size (logical/physical): 512 bytes / 512 bytes
I/O size (minimum/optimal): 512 bytes / 512 bytes
Disklabel type: sun

Device     Start       End   Sectors  Size Id Type       Flags
/dev/sde3      0 118006351 118006352 56.3G  5 Whole disk    u
/dev/sde8      0 118006351 118006352 56.3G  f unknown       u


Disk /dev/sdf: 56.3 GiB, 60421570560 bytes, 118010880 sectors
Geometry: 16 heads, 113 sectors/track, 65269 cylinders
Units: sectors of 1 * 512 = 512 bytes
Sector size (logical/physical): 512 bytes / 512 bytes
I/O size (minimum/optimal): 512 bytes / 512 bytes
Disklabel type: sun

Device     Start       End   Sectors  Size Id Type       Flags
/dev/sdf3      0 118006351 118006352 56.3G  5 Whole disk    u
/dev/sdf8      0 118006351 118006352 56.3G  f unknown       u


Disk /dev/sdg: 56.3 GiB, 60421570560 bytes, 118010880 sectors
Geometry: 16 heads, 113 sectors/track, 65269 cylinders
Units: sectors of 1 * 512 = 512 bytes
Sector size (logical/physical): 512 bytes / 512 bytes
I/O size (minimum/optimal): 512 bytes / 512 bytes
Disklabel type: sun

Device     Start       End   Sectors  Size Id Type       Flags
/dev/sdg3      0 118006351 118006352 56.3G  5 Whole disk    u
/dev/sdg8      0 118006351 118006352 56.3G  f unknown       u


Disk /dev/sdh: 56.3 GiB, 60421570560 bytes, 118010880 sectors
Geometry: 16 heads, 113 sectors/track, 65269 cylinders
Units: sectors of 1 * 512 = 512 bytes
Sector size (logical/physical): 512 bytes / 512 bytes
I/O size (minimum/optimal): 512 bytes / 512 bytes
Disklabel type: sun

Device     Start       End   Sectors  Size Id Type       Flags
/dev/sdh3      0 118006351 118006352 56.3G  5 Whole disk    u
/dev/sdh8      0 118006351 118006352 56.3G  f unknown       u


Disk /dev/sdi: 56.3 GiB, 60421570560 bytes, 118010880 sectors
Geometry: 16 heads, 113 sectors/track, 65269 cylinders
Units: sectors of 1 * 512 = 512 bytes
Sector size (logical/physical): 512 bytes / 512 bytes
I/O size (minimum/optimal): 512 bytes / 512 bytes
Disklabel type: sun

Device     Start       End   Sectors  Size Id Type       Flags
/dev/sdi3      0 118006351 118006352 56.3G  5 Whole disk    u
/dev/sdi8      0 118006351 118006352 56.3G  f unknown       u


Disk /dev/sdj: 14.1 GiB, 15105392640 bytes, 29502720 sectors
Geometry: 16 heads, 29 sectors/track, 63581 cylinders
Units: sectors of 1 * 512 = 512 bytes
Sector size (logical/physical): 512 bytes / 512 bytes
I/O size (minimum/optimal): 512 bytes / 512 bytes
Disklabel type: sun

Device     Start      End  Sectors  Size Id Type       Flags
/dev/sdj3      0 29501583 29501584 14.1G  5 Whole disk    u
/dev/sdj8      0 29501583 29501584 14.1G  f unknown       u


Disk /dev/sdk: 14.1 GiB, 15105392640 bytes, 29502720 sectors
Geometry: 16 heads, 29 sectors/track, 63581 cylinders
Units: sectors of 1 * 512 = 512 bytes
Sector size (logical/physical): 512 bytes / 512 bytes
I/O size (minimum/optimal): 512 bytes / 512 bytes
Disklabel type: sun

Device     Start      End  Sectors  Size Id Type       Flags
/dev/sdk3      0 29501583 29501584 14.1G  5 Whole disk    u
/dev/sdk8      0 29501583 29501584 14.1G  f unknown       u


Disk /dev/sdl: 112.6 GiB, 120843141120 bytes, 236021760 sectors
Geometry: 16 heads, 226 sectors/track, 65269 cylinders
Units: sectors of 1 * 512 = 512 bytes
Sector size (logical/physical): 512 bytes / 512 bytes
I/O size (minimum/optimal): 512 bytes / 512 bytes
Disklabel type: sun

Device     Start       End   Sectors   Size Id Type       Flags
/dev/sdl3      0 236012703 236012704 112.6G  5 Whole disk    u
/dev/sdl8      0 236012703 236012704 112.6G  f unknown       u


Disk /dev/sdm: 112.6 GiB, 120843141120 bytes, 236021760 sectors
Geometry: 16 heads, 226 sectors/track, 65269 cylinders
Units: sectors of 1 * 512 = 512 bytes
Sector size (logical/physical): 512 bytes / 512 bytes
I/O size (minimum/optimal): 512 bytes / 512 bytes
Disklabel type: sun

Device     Start       End   Sectors   Size Id Type       Flags
/dev/sdm3      0 236012703 236012704 112.6G  5 Whole disk    u
/dev/sdm8      0 236012703 236012704 112.6G  f unknown       u


Disk /dev/sdn: 225.1 GiB, 241686282240 bytes, 472043520 sectors
Geometry: 16 heads, 451 sectors/track, 65414 cylinders
Units: sectors of 1 * 512 = 512 bytes
Sector size (logical/physical): 512 bytes / 512 bytes
I/O size (minimum/optimal): 512 bytes / 512 bytes
Disklabel type: sun

Device     Start       End   Sectors   Size Id Type       Flags
/dev/sdn3      0 472027423 472027424 225.1G  5 Whole disk    u
/dev/sdn8      0 472027423 472027424 225.1G  f unknown       u


Disk /dev/sdo: 225.1 GiB, 241686282240 bytes, 472043520 sectors
Geometry: 16 heads, 451 sectors/track, 65414 cylinders
Units: sectors of 1 * 512 = 512 bytes
Sector size (logical/physical): 512 bytes / 512 bytes
I/O size (minimum/optimal): 512 bytes / 512 bytes
Disklabel type: sun

Device     Start       End   Sectors   Size Id Type       Flags
/dev/sdo3      0 472027423 472027424 225.1G  5 Whole disk    u
/dev/sdo8      0 472027423 472027424 225.1G  f unknown       u


Disk /dev/sdp: 56.3 GiB, 60421570560 bytes, 118010880 sectors
Geometry: 16 heads, 113 sectors/track, 65269 cylinders
Units: sectors of 1 * 512 = 512 bytes
Sector size (logical/physical): 512 bytes / 512 bytes
I/O size (minimum/optimal): 512 bytes / 512 bytes
Disklabel type: sun

Device     Start       End   Sectors  Size Id Type       Flags
/dev/sdp3      0 118006351 118006352 56.3G  5 Whole disk    u
/dev/sdp8      0 118006351 118006352 56.3G  f unknown       u


Disk /dev/sdq: 56.3 GiB, 60421570560 bytes, 118010880 sectors
Geometry: 16 heads, 113 sectors/track, 65269 cylinders
Units: sectors of 1 * 512 = 512 bytes
Sector size (logical/physical): 512 bytes / 512 bytes
I/O size (minimum/optimal): 512 bytes / 512 bytes
Disklabel type: sun

Device     Start       End   Sectors  Size Id Type       Flags
/dev/sdq3      0 118006351 118006352 56.3G  5 Whole disk    u
/dev/sdq8      0 118006351 118006352 56.3G  f unknown       u


Disk /dev/sdr: 56.3 GiB, 60421570560 bytes, 118010880 sectors
Geometry: 16 heads, 113 sectors/track, 65269 cylinders
Units: sectors of 1 * 512 = 512 bytes
Sector size (logical/physical): 512 bytes / 512 bytes
I/O size (minimum/optimal): 512 bytes / 512 bytes
Disklabel type: sun

Device     Start       End   Sectors  Size Id Type       Flags
/dev/sdr3      0 118006351 118006352 56.3G  5 Whole disk    u
/dev/sdr8      0 118006351 118006352 56.3G  f unknown       u


Disk /dev/sds: 56.3 GiB, 60421570560 bytes, 118010880 sectors
Geometry: 16 heads, 113 sectors/track, 65269 cylinders
Units: sectors of 1 * 512 = 512 bytes
Sector size (logical/physical): 512 bytes / 512 bytes
I/O size (minimum/optimal): 512 bytes / 512 bytes
Disklabel type: sun

Device     Start       End   Sectors  Size Id Type       Flags
/dev/sds3      0 118006351 118006352 56.3G  5 Whole disk    u
/dev/sds8      0 118006351 118006352 56.3G  f unknown       u


Disk /dev/sdt: 56.3 GiB, 60421570560 bytes, 118010880 sectors
Geometry: 16 heads, 113 sectors/track, 65269 cylinders
Units: sectors of 1 * 512 = 512 bytes
Sector size (logical/physical): 512 bytes / 512 bytes
I/O size (minimum/optimal): 512 bytes / 512 bytes
Disklabel type: sun

Device     Start       End   Sectors  Size Id Type       Flags
/dev/sdt3      0 118006351 118006352 56.3G  5 Whole disk    u
/dev/sdt8      0 118006351 118006352 56.3G  f unknown       u


Disk /dev/sdu: 56.3 GiB, 60421570560 bytes, 118010880 sectors
Geometry: 16 heads, 113 sectors/track, 65269 cylinders
Units: sectors of 1 * 512 = 512 bytes
Sector size (logical/physical): 512 bytes / 512 bytes
I/O size (minimum/optimal): 512 bytes / 512 bytes
Disklabel type: sun

Device     Start       End   Sectors  Size Id Type       Flags
/dev/sdu3      0 118006351 118006352 56.3G  5 Whole disk    u
/dev/sdu8      0 118006351 118006352 56.3G  f unknown       u


Disk /dev/sdv: 56.3 GiB, 60421570560 bytes, 118010880 sectors
Geometry: 16 heads, 113 sectors/track, 65269 cylinders
Units: sectors of 1 * 512 = 512 bytes
Sector size (logical/physical): 512 bytes / 512 bytes
I/O size (minimum/optimal): 512 bytes / 512 bytes
Disklabel type: sun

Device     Start       End   Sectors  Size Id Type       Flags
/dev/sdv3      0 118006351 118006352 56.3G  5 Whole disk    u
/dev/sdv8      0 118006351 118006352 56.3G  f unknown       u


Disk /dev/sdw: 56.3 GiB, 60421570560 bytes, 118010880 sectors
Geometry: 16 heads, 113 sectors/track, 65269 cylinders
Units: sectors of 1 * 512 = 512 bytes
Sector size (logical/physical): 512 bytes / 512 bytes
I/O size (minimum/optimal): 512 bytes / 512 bytes
Disklabel type: sun

Device     Start       End   Sectors  Size Id Type       Flags
/dev/sdw3      0 118006351 118006352 56.3G  5 Whole disk    u
/dev/sdw8      0 118006351 118006352 56.3G  f unknown       u


Disk /dev/sdx: 56.3 GiB, 60421570560 bytes, 118010880 sectors
Geometry: 16 heads, 113 sectors/track, 65269 cylinders
Units: sectors of 1 * 512 = 512 bytes
Sector size (logical/physical): 512 bytes / 512 bytes
I/O size (minimum/optimal): 512 bytes / 512 bytes
Disklabel type: sun

Device     Start       End   Sectors  Size Id Type       Flags
/dev/sdx3      0 118006351 118006352 56.3G  5 Whole disk    u
/dev/sdx8      0 118006351 118006352 56.3G  f unknown       u


Disk /dev/sdy: 14.1 GiB, 15105392640 bytes, 29502720 sectors
Geometry: 16 heads, 29 sectors/track, 63581 cylinders
Units: sectors of 1 * 512 = 512 bytes
Sector size (logical/physical): 512 bytes / 512 bytes
I/O size (minimum/optimal): 512 bytes / 512 bytes
Disklabel type: sun

Device     Start      End  Sectors  Size Id Type       Flags
/dev/sdy3      0 29501583 29501584 14.1G  5 Whole disk    u
/dev/sdy8      0 29501583 29501584 14.1G  f unknown       u


Disk /dev/sdz: 14.1 GiB, 15105392640 bytes, 29502720 sectors
Geometry: 16 heads, 29 sectors/track, 63581 cylinders
Units: sectors of 1 * 512 = 512 bytes
Sector size (logical/physical): 512 bytes / 512 bytes
I/O size (minimum/optimal): 512 bytes / 512 bytes
Disklabel type: sun

Device     Start      End  Sectors  Size Id Type       Flags
/dev/sdz3      0 29501583 29501584 14.1G  5 Whole disk    u
/dev/sdz8      0 29501583 29501584 14.1G  f unknown       u


Disk /dev/sdaa: 112.6 GiB, 120843141120 bytes, 236021760 sectors
Geometry: 16 heads, 226 sectors/track, 65269 cylinders
Units: sectors of 1 * 512 = 512 bytes
Sector size (logical/physical): 512 bytes / 512 bytes
I/O size (minimum/optimal): 512 bytes / 512 bytes
Disklabel type: sun

Device     Start       End   Sectors   Size Id Type       Flags
/dev/sdaa3     0 236012703 236012704 112.6G  5 Whole disk    u
/dev/sdaa8     0 236012703 236012704 112.6G  f unknown       u


Disk /dev/sdab: 112.6 GiB, 120843141120 bytes, 236021760 sectors
Geometry: 16 heads, 226 sectors/track, 65269 cylinders
Units: sectors of 1 * 512 = 512 bytes
Sector size (logical/physical): 512 bytes / 512 bytes
I/O size (minimum/optimal): 512 bytes / 512 bytes
Disklabel type: sun

Device     Start       End   Sectors   Size Id Type       Flags
/dev/sdab3     0 236012703 236012704 112.6G  5 Whole disk    u
/dev/sdab8     0 236012703 236012704 112.6G  f unknown       u


Disk /dev/sdac: 56.3 GiB, 60421570560 bytes, 118010880 sectors
Geometry: 16 heads, 113 sectors/track, 65269 cylinders
Units: sectors of 1 * 512 = 512 bytes
Sector size (logical/physical): 512 bytes / 512 bytes
I/O size (minimum/optimal): 512 bytes / 512 bytes
Disklabel type: sun

Device     Start       End   Sectors  Size Id Type       Flags
/dev/sdac3     0 118006351 118006352 56.3G  5 Whole disk    u
/dev/sdac8     0 118006351 118006352 56.3G  f unknown       u


Disk /dev/sdad: 56.3 GiB, 60421570560 bytes, 118010880 sectors
Geometry: 16 heads, 113 sectors/track, 65269 cylinders
Units: sectors of 1 * 512 = 512 bytes
Sector size (logical/physical): 512 bytes / 512 bytes
I/O size (minimum/optimal): 512 bytes / 512 bytes
Disklabel type: sun

Device     Start       End   Sectors  Size Id Type       Flags
/dev/sdad3     0 118006351 118006352 56.3G  5 Whole disk    u
/dev/sdad8     0 118006351 118006352 56.3G  f unknown       u


Disk /dev/sdae: 56.3 GiB, 60421570560 bytes, 118010880 sectors
Geometry: 16 heads, 113 sectors/track, 65269 cylinders
Units: sectors of 1 * 512 = 512 bytes
Sector size (logical/physical): 512 bytes / 512 bytes
I/O size (minimum/optimal): 512 bytes / 512 bytes
Disklabel type: sun

Device     Start       End   Sectors  Size Id Type       Flags
/dev/sdae3     0 118006351 118006352 56.3G  5 Whole disk    u
/dev/sdae8     0 118006351 118006352 56.3G  f unknown       u


Disk /dev/sdaf: 56.3 GiB, 60421570560 bytes, 118010880 sectors
Geometry: 16 heads, 113 sectors/track, 65269 cylinders
Units: sectors of 1 * 512 = 512 bytes
Sector size (logical/physical): 512 bytes / 512 bytes
I/O size (minimum/optimal): 512 bytes / 512 bytes
Disklabel type: sun

Device     Start       End   Sectors  Size Id Type       Flags
/dev/sdaf3     0 118006351 118006352 56.3G  5 Whole disk    u
/dev/sdaf8     0 118006351 118006352 56.3G  f unknown       u


Disk /dev/sdag: 56.3 GiB, 60421570560 bytes, 118010880 sectors
Geometry: 16 heads, 113 sectors/track, 65269 cylinders
Units: sectors of 1 * 512 = 512 bytes
Sector size (logical/physical): 512 bytes / 512 bytes
I/O size (minimum/optimal): 512 bytes / 512 bytes
Disklabel type: sun

Device     Start       End   Sectors  Size Id Type       Flags
/dev/sdag3     0 118006351 118006352 56.3G  5 Whole disk    u
/dev/sdag8     0 118006351 118006352 56.3G  f unknown       u


Disk /dev/sdah: 56.3 GiB, 60421570560 bytes, 118010880 sectors
Geometry: 16 heads, 113 sectors/track, 65269 cylinders
Units: sectors of 1 * 512 = 512 bytes
Sector size (logical/physical): 512 bytes / 512 bytes
I/O size (minimum/optimal): 512 bytes / 512 bytes
Disklabel type: sun

Device     Start       End   Sectors  Size Id Type       Flags
/dev/sdah3     0 118006351 118006352 56.3G  5 Whole disk    u
/dev/sdah8     0 118006351 118006352 56.3G  f unknown       u


Disk /dev/sdai: 56.3 GiB, 60421570560 bytes, 118010880 sectors
Geometry: 16 heads, 113 sectors/track, 65269 cylinders
Units: sectors of 1 * 512 = 512 bytes
Sector size (logical/physical): 512 bytes / 512 bytes
I/O size (minimum/optimal): 512 bytes / 512 bytes
Disklabel type: sun

Device     Start       End   Sectors  Size Id Type       Flags
/dev/sdai3     0 118006351 118006352 56.3G  5 Whole disk    u
/dev/sdai8     0 118006351 118006352 56.3G  f unknown       u


Disk /dev/sdaj: 56.3 GiB, 60421570560 bytes, 118010880 sectors
Geometry: 16 heads, 113 sectors/track, 65269 cylinders
Units: sectors of 1 * 512 = 512 bytes
Sector size (logical/physical): 512 bytes / 512 bytes
I/O size (minimum/optimal): 512 bytes / 512 bytes
Disklabel type: sun

Device     Start       End   Sectors  Size Id Type       Flags
/dev/sdaj3     0 118006351 118006352 56.3G  5 Whole disk    u
/dev/sdaj8     0 118006351 118006352 56.3G  f unknown       u


Disk /dev/sdak: 56.3 GiB, 60421570560 bytes, 118010880 sectors
Geometry: 16 heads, 113 sectors/track, 65269 cylinders
Units: sectors of 1 * 512 = 512 bytes
Sector size (logical/physical): 512 bytes / 512 bytes
I/O size (minimum/optimal): 512 bytes / 512 bytes
Disklabel type: sun

Device     Start       End   Sectors  Size Id Type       Flags
/dev/sdak3     0 118006351 118006352 56.3G  5 Whole disk    u
/dev/sdak8     0 118006351 118006352 56.3G  f unknown       u


Disk /dev/sdal: 56.3 GiB, 60421570560 bytes, 118010880 sectors
Geometry: 16 heads, 113 sectors/track, 65269 cylinders
Units: sectors of 1 * 512 = 512 bytes
Sector size (logical/physical): 512 bytes / 512 bytes
I/O size (minimum/optimal): 512 bytes / 512 bytes
Disklabel type: sun

Device     Start       End   Sectors  Size Id Type       Flags
/dev/sdal3     0 118006351 118006352 56.3G  5 Whole disk    u
/dev/sdal8     0 118006351 118006352 56.3G  f unknown       u


Disk /dev/sdam: 56.3 GiB, 60421570560 bytes, 118010880 sectors
Geometry: 16 heads, 113 sectors/track, 65269 cylinders
Units: sectors of 1 * 512 = 512 bytes
Sector size (logical/physical): 512 bytes / 512 bytes
I/O size (minimum/optimal): 512 bytes / 512 bytes
Disklabel type: sun

Device     Start       End   Sectors  Size Id Type       Flags
/dev/sdam3     0 118006351 118006352 56.3G  5 Whole disk    u
/dev/sdam8     0 118006351 118006352 56.3G  f unknown       u


Disk /dev/sdan: 56.3 GiB, 60421570560 bytes, 118010880 sectors
Geometry: 16 heads, 113 sectors/track, 65269 cylinders
Units: sectors of 1 * 512 = 512 bytes
Sector size (logical/physical): 512 bytes / 512 bytes
I/O size (minimum/optimal): 512 bytes / 512 bytes
Disklabel type: sun

Device     Start       End   Sectors  Size Id Type       Flags
/dev/sdan3     0 118006351 118006352 56.3G  5 Whole disk    u
/dev/sdan8     0 118006351 118006352 56.3G  f unknown       u


Disk /dev/sdao: 14.1 GiB, 15105392640 bytes, 29502720 sectors
Geometry: 16 heads, 29 sectors/track, 63581 cylinders
Units: sectors of 1 * 512 = 512 bytes
Sector size (logical/physical): 512 bytes / 512 bytes
I/O size (minimum/optimal): 512 bytes / 512 bytes
Disklabel type: sun

Device     Start      End  Sectors  Size Id Type       Flags
/dev/sdao3     0 29501583 29501584 14.1G  5 Whole disk    u
/dev/sdao8     0 29501583 29501584 14.1G  f unknown       u


Disk /dev/sdap: 14.1 GiB, 15105392640 bytes, 29502720 sectors
Geometry: 16 heads, 29 sectors/track, 63581 cylinders
Units: sectors of 1 * 512 = 512 bytes
Sector size (logical/physical): 512 bytes / 512 bytes
I/O size (minimum/optimal): 512 bytes / 512 bytes
Disklabel type: sun

Device     Start      End  Sectors  Size Id Type       Flags
/dev/sdap3     0 29501583 29501584 14.1G  5 Whole disk    u
/dev/sdap8     0 29501583 29501584 14.1G  f unknown       u


Disk /dev/sdaq: 112.6 GiB, 120843141120 bytes, 236021760 sectors
Geometry: 16 heads, 226 sectors/track, 65269 cylinders
Units: sectors of 1 * 512 = 512 bytes
Sector size (logical/physical): 512 bytes / 512 bytes
I/O size (minimum/optimal): 512 bytes / 512 bytes
Disklabel type: sun

Device     Start       End   Sectors   Size Id Type       Flags
/dev/sdaq3     0 236012703 236012704 112.6G  5 Whole disk    u
/dev/sdaq8     0 236012703 236012704 112.6G  f unknown       u


Disk /dev/sdar: 112.6 GiB, 120843141120 bytes, 236021760 sectors
Geometry: 16 heads, 226 sectors/track, 65269 cylinders
Units: sectors of 1 * 512 = 512 bytes
Sector size (logical/physical): 512 bytes / 512 bytes
I/O size (minimum/optimal): 512 bytes / 512 bytes
Disklabel type: sun

Device     Start       End   Sectors   Size Id Type       Flags
/dev/sdar3     0 236012703 236012704 112.6G  5 Whole disk    u
/dev/sdar8     0 236012703 236012704 112.6G  f unknown       u


Disk /dev/sdas: 225.1 GiB, 241686282240 bytes, 472043520 sectors
Geometry: 16 heads, 451 sectors/track, 65414 cylinders
Units: sectors of 1 * 512 = 512 bytes
Sector size (logical/physical): 512 bytes / 512 bytes
I/O size (minimum/optimal): 512 bytes / 512 bytes
Disklabel type: sun

Device     Start       End   Sectors   Size Id Type       Flags
/dev/sdas3     0 472027423 472027424 225.1G  5 Whole disk    u
/dev/sdas8     0 472027423 472027424 225.1G  f unknown       u


Disk /dev/sdat: 225.1 GiB, 241686282240 bytes, 472043520 sectors
Geometry: 16 heads, 451 sectors/track, 65414 cylinders
Units: sectors of 1 * 512 = 512 bytes
Sector size (logical/physical): 512 bytes / 512 bytes
I/O size (minimum/optimal): 512 bytes / 512 bytes
Disklabel type: sun

Device     Start       End   Sectors   Size Id Type       Flags
/dev/sdat3     0 472027423 472027424 225.1G  5 Whole disk    u
/dev/sdat8     0 472027423 472027424 225.1G  f unknown       u


Disk /dev/sdau: 56.3 GiB, 60421570560 bytes, 118010880 sectors
Geometry: 16 heads, 113 sectors/track, 65269 cylinders
Units: sectors of 1 * 512 = 512 bytes
Sector size (logical/physical): 512 bytes / 512 bytes
I/O size (minimum/optimal): 512 bytes / 512 bytes
Disklabel type: sun

Device     Start       End   Sectors  Size Id Type       Flags
/dev/sdau3     0 118006351 118006352 56.3G  5 Whole disk    u
/dev/sdau8     0 118006351 118006352 56.3G  f unknown       u


Disk /dev/sdav: 56.3 GiB, 60421570560 bytes, 118010880 sectors
Geometry: 16 heads, 113 sectors/track, 65269 cylinders
Units: sectors of 1 * 512 = 512 bytes
Sector size (logical/physical): 512 bytes / 512 bytes
I/O size (minimum/optimal): 512 bytes / 512 bytes
Disklabel type: sun

Device     Start       End   Sectors  Size Id Type       Flags
/dev/sdav3     0 118006351 118006352 56.3G  5 Whole disk    u
/dev/sdav8     0 118006351 118006352 56.3G  f unknown       u


Disk /dev/sdaw: 56.3 GiB, 60421570560 bytes, 118010880 sectors
Geometry: 16 heads, 113 sectors/track, 65269 cylinders
Units: sectors of 1 * 512 = 512 bytes
Sector size (logical/physical): 512 bytes / 512 bytes
I/O size (minimum/optimal): 512 bytes / 512 bytes
Disklabel type: sun

Device     Start       End   Sectors  Size Id Type       Flags
/dev/sdaw3     0 118006351 118006352 56.3G  5 Whole disk    u
/dev/sdaw8     0 118006351 118006352 56.3G  f unknown       u


Disk /dev/sdax: 56.3 GiB, 60421570560 bytes, 118010880 sectors
Geometry: 16 heads, 113 sectors/track, 65269 cylinders
Units: sectors of 1 * 512 = 512 bytes
Sector size (logical/physical): 512 bytes / 512 bytes
I/O size (minimum/optimal): 512 bytes / 512 bytes
Disklabel type: sun

Device     Start       End   Sectors  Size Id Type       Flags
/dev/sdax3     0 118006351 118006352 56.3G  5 Whole disk    u
/dev/sdax8     0 118006351 118006352 56.3G  f unknown       u


Disk /dev/sday: 56.3 GiB, 60421570560 bytes, 118010880 sectors
Geometry: 16 heads, 113 sectors/track, 65269 cylinders
Units: sectors of 1 * 512 = 512 bytes
Sector size (logical/physical): 512 bytes / 512 bytes
I/O size (minimum/optimal): 512 bytes / 512 bytes
Disklabel type: sun

Device     Start       End   Sectors  Size Id Type       Flags
/dev/sday3     0 118006351 118006352 56.3G  5 Whole disk    u
/dev/sday8     0 118006351 118006352 56.3G  f unknown       u


Disk /dev/sdaz: 56.3 GiB, 60421570560 bytes, 118010880 sectors
Geometry: 16 heads, 113 sectors/track, 65269 cylinders
Units: sectors of 1 * 512 = 512 bytes
Sector size (logical/physical): 512 bytes / 512 bytes
I/O size (minimum/optimal): 512 bytes / 512 bytes
Disklabel type: sun

Device     Start       End   Sectors  Size Id Type       Flags
/dev/sdaz3     0 118006351 118006352 56.3G  5 Whole disk    u
/dev/sdaz8     0 118006351 118006352 56.3G  f unknown       u


Disk /dev/sdba: 56.3 GiB, 60421570560 bytes, 118010880 sectors
Geometry: 16 heads, 113 sectors/track, 65269 cylinders
Units: sectors of 1 * 512 = 512 bytes
Sector size (logical/physical): 512 bytes / 512 bytes
I/O size (minimum/optimal): 512 bytes / 512 bytes
Disklabel type: sun

Device     Start       End   Sectors  Size Id Type       Flags
/dev/sdba3     0 118006351 118006352 56.3G  5 Whole disk    u
/dev/sdba8     0 118006351 118006352 56.3G  f unknown       u


Disk /dev/sdbb: 56.3 GiB, 60421570560 bytes, 118010880 sectors
Geometry: 16 heads, 113 sectors/track, 65269 cylinders
Units: sectors of 1 * 512 = 512 bytes
Sector size (logical/physical): 512 bytes / 512 bytes
I/O size (minimum/optimal): 512 bytes / 512 bytes
Disklabel type: sun

Device     Start       End   Sectors  Size Id Type       Flags
/dev/sdbb3     0 118006351 118006352 56.3G  5 Whole disk    u
/dev/sdbb8     0 118006351 118006352 56.3G  f unknown       u


Disk /dev/sdbc: 56.3 GiB, 60421570560 bytes, 118010880 sectors
Geometry: 16 heads, 113 sectors/track, 65269 cylinders
Units: sectors of 1 * 512 = 512 bytes
Sector size (logical/physical): 512 bytes / 512 bytes
I/O size (minimum/optimal): 512 bytes / 512 bytes
Disklabel type: sun

Device     Start       End   Sectors  Size Id Type       Flags
/dev/sdbc3     0 118006351 118006352 56.3G  5 Whole disk    u
/dev/sdbc8     0 118006351 118006352 56.3G  f unknown       u


Disk /dev/sdbe: 14.1 GiB, 15105392640 bytes, 29502720 sectors
Geometry: 16 heads, 29 sectors/track, 63581 cylinders
Units: sectors of 1 * 512 = 512 bytes
Sector size (logical/physical): 512 bytes / 512 bytes
I/O size (minimum/optimal): 512 bytes / 512 bytes
Disklabel type: sun

Device     Start      End  Sectors  Size Id Type       Flags
/dev/sdbe3     0 29501583 29501584 14.1G  5 Whole disk    u
/dev/sdbe8     0 29501583 29501584 14.1G  f unknown       u


Disk /dev/sdbd: 14.1 GiB, 15105392640 bytes, 29502720 sectors
Geometry: 16 heads, 29 sectors/track, 63581 cylinders
Units: sectors of 1 * 512 = 512 bytes
Sector size (logical/physical): 512 bytes / 512 bytes
I/O size (minimum/optimal): 512 bytes / 512 bytes
Disklabel type: sun

Device     Start      End  Sectors  Size Id Type       Flags
/dev/sdbd3     0 29501583 29501584 14.1G  5 Whole disk    u
/dev/sdbd8     0 29501583 29501584 14.1G  f unknown       u


Disk /dev/sdbf: 112.6 GiB, 120843141120 bytes, 236021760 sectors
Geometry: 16 heads, 226 sectors/track, 65269 cylinders
Units: sectors of 1 * 512 = 512 bytes
Sector size (logical/physical): 512 bytes / 512 bytes
I/O size (minimum/optimal): 512 bytes / 512 bytes
Disklabel type: sun

Device     Start       End   Sectors   Size Id Type       Flags
/dev/sdbf3     0 236012703 236012704 112.6G  5 Whole disk    u
/dev/sdbf8     0 236012703 236012704 112.6G  f unknown       u


Disk /dev/sdbg: 112.6 GiB, 120843141120 bytes, 236021760 sectors
Geometry: 16 heads, 226 sectors/track, 65269 cylinders
Units: sectors of 1 * 512 = 512 bytes
Sector size (logical/physical): 512 bytes / 512 bytes
I/O size (minimum/optimal): 512 bytes / 512 bytes
Disklabel type: sun

Device     Start       End   Sectors   Size Id Type       Flags
/dev/sdbg3     0 236012703 236012704 112.6G  5 Whole disk    u
/dev/sdbg8     0 236012703 236012704 112.6G  f unknown       u


Disk /dev/sdbh: 56.3 GiB, 60421570560 bytes, 118010880 sectors
Geometry: 16 heads, 113 sectors/track, 65269 cylinders
Units: sectors of 1 * 512 = 512 bytes
Sector size (logical/physical): 512 bytes / 512 bytes
I/O size (minimum/optimal): 512 bytes / 512 bytes
Disklabel type: sun

Device     Start       End   Sectors  Size Id Type       Flags
/dev/sdbh3     0 118006351 118006352 56.3G  5 Whole disk    u
/dev/sdbh8     0 118006351 118006352 56.3G  f unknown       u


Disk /dev/sdbi: 56.3 GiB, 60421570560 bytes, 118010880 sectors
Geometry: 16 heads, 113 sectors/track, 65269 cylinders
Units: sectors of 1 * 512 = 512 bytes
Sector size (logical/physical): 512 bytes / 512 bytes
I/O size (minimum/optimal): 512 bytes / 512 bytes
Disklabel type: sun

Device     Start       End   Sectors  Size Id Type       Flags
/dev/sdbi3     0 118006351 118006352 56.3G  5 Whole disk    u
/dev/sdbi8     0 118006351 118006352 56.3G  f unknown       u


Disk /dev/sdbj: 56.3 GiB, 60421570560 bytes, 118010880 sectors
Geometry: 16 heads, 113 sectors/track, 65269 cylinders
Units: sectors of 1 * 512 = 512 bytes
Sector size (logical/physical): 512 bytes / 512 bytes
I/O size (minimum/optimal): 512 bytes / 512 bytes
Disklabel type: sun

Device     Start       End   Sectors  Size Id Type       Flags
/dev/sdbj3     0 118006351 118006352 56.3G  5 Whole disk    u
/dev/sdbj8     0 118006351 118006352 56.3G  f unknown       u


Disk /dev/sdbk: 56.3 GiB, 60421570560 bytes, 118010880 sectors
Geometry: 16 heads, 113 sectors/track, 65269 cylinders
Units: sectors of 1 * 512 = 512 bytes
Sector size (logical/physical): 512 bytes / 512 bytes
I/O size (minimum/optimal): 512 bytes / 512 bytes
Disklabel type: sun

Device     Start       End   Sectors  Size Id Type       Flags
/dev/sdbk3     0 118006351 118006352 56.3G  5 Whole disk    u
/dev/sdbk8     0 118006351 118006352 56.3G  f unknown       u


Disk /dev/sdbl: 56.3 GiB, 60421570560 bytes, 118010880 sectors
Geometry: 16 heads, 113 sectors/track, 65269 cylinders
Units: sectors of 1 * 512 = 512 bytes
Sector size (logical/physical): 512 bytes / 512 bytes
I/O size (minimum/optimal): 512 bytes / 512 bytes
Disklabel type: sun

Device     Start       End   Sectors  Size Id Type       Flags
/dev/sdbl3     0 118006351 118006352 56.3G  5 Whole disk    u
/dev/sdbl8     0 118006351 118006352 56.3G  f unknown       u


Disk /dev/sdbm: 56.3 GiB, 60421570560 bytes, 118010880 sectors
Geometry: 16 heads, 113 sectors/track, 65269 cylinders
Units: sectors of 1 * 512 = 512 bytes
Sector size (logical/physical): 512 bytes / 512 bytes
I/O size (minimum/optimal): 512 bytes / 512 bytes
Disklabel type: sun

Device     Start       End   Sectors  Size Id Type       Flags
/dev/sdbm3     0 118006351 118006352 56.3G  5 Whole disk    u
/dev/sdbm8     0 118006351 118006352 56.3G  f unknown       u


Disk /dev/sdbn: 56.3 GiB, 60421570560 bytes, 118010880 sectors
Geometry: 16 heads, 113 sectors/track, 65269 cylinders
Units: sectors of 1 * 512 = 512 bytes
Sector size (logical/physical): 512 bytes / 512 bytes
I/O size (minimum/optimal): 512 bytes / 512 bytes
Disklabel type: sun

Device     Start       End   Sectors  Size Id Type       Flags
/dev/sdbn3     0 118006351 118006352 56.3G  5 Whole disk    u
/dev/sdbn8     0 118006351 118006352 56.3G  f unknown       u


Disk /dev/sdbo: 56.3 GiB, 60421570560 bytes, 118010880 sectors
Geometry: 16 heads, 113 sectors/track, 65269 cylinders
Units: sectors of 1 * 512 = 512 bytes
Sector size (logical/physical): 512 bytes / 512 bytes
I/O size (minimum/optimal): 512 bytes / 512 bytes
Disklabel type: sun

Device     Start       End   Sectors  Size Id Type       Flags
/dev/sdbo3     0 118006351 118006352 56.3G  5 Whole disk    u
/dev/sdbo8     0 118006351 118006352 56.3G  f unknown       u


Disk /dev/sdbp: 56.3 GiB, 60421570560 bytes, 118010880 sectors
Geometry: 16 heads, 113 sectors/track, 65269 cylinders
Units: sectors of 1 * 512 = 512 bytes
Sector size (logical/physical): 512 bytes / 512 bytes
I/O size (minimum/optimal): 512 bytes / 512 bytes
Disklabel type: sun

Device     Start       End   Sectors  Size Id Type       Flags
/dev/sdbp3     0 118006351 118006352 56.3G  5 Whole disk    u
/dev/sdbp8     0 118006351 118006352 56.3G  f unknown       u


Disk /dev/sdbq: 56.3 GiB, 60421570560 bytes, 118010880 sectors
Geometry: 16 heads, 113 sectors/track, 65269 cylinders
Units: sectors of 1 * 512 = 512 bytes
Sector size (logical/physical): 512 bytes / 512 bytes
I/O size (minimum/optimal): 512 bytes / 512 bytes
Disklabel type: sun

Device     Start       End   Sectors  Size Id Type       Flags
/dev/sdbq3     0 118006351 118006352 56.3G  5 Whole disk    u
/dev/sdbq8     0 118006351 118006352 56.3G  f unknown       u


Disk /dev/sdbr: 56.3 GiB, 60421570560 bytes, 118010880 sectors
Geometry: 16 heads, 113 sectors/track, 65269 cylinders
Units: sectors of 1 * 512 = 512 bytes
Sector size (logical/physical): 512 bytes / 512 bytes
I/O size (minimum/optimal): 512 bytes / 512 bytes
Disklabel type: sun

Device     Start       End   Sectors  Size Id Type       Flags
/dev/sdbr3     0 118006351 118006352 56.3G  5 Whole disk    u
/dev/sdbr8     0 118006351 118006352 56.3G  f unknown       u


Disk /dev/sdbs: 56.3 GiB, 60421570560 bytes, 118010880 sectors
Geometry: 16 heads, 113 sectors/track, 65269 cylinders
Units: sectors of 1 * 512 = 512 bytes
Sector size (logical/physical): 512 bytes / 512 bytes
I/O size (minimum/optimal): 512 bytes / 512 bytes
Disklabel type: sun

Device     Start       End   Sectors  Size Id Type       Flags
/dev/sdbs3     0 118006351 118006352 56.3G  5 Whole disk    u
/dev/sdbs8     0 118006351 118006352 56.3G  f unknown       u


Disk /dev/sdbt: 14.1 GiB, 15105392640 bytes, 29502720 sectors
Geometry: 16 heads, 29 sectors/track, 63581 cylinders
Units: sectors of 1 * 512 = 512 bytes
Sector size (logical/physical): 512 bytes / 512 bytes
I/O size (minimum/optimal): 512 bytes / 512 bytes
Disklabel type: sun

Device     Start      End  Sectors  Size Id Type       Flags
/dev/sdbt3     0 29501583 29501584 14.1G  5 Whole disk    u
/dev/sdbt8     0 29501583 29501584 14.1G  f unknown       u


Disk /dev/sdbu: 14.1 GiB, 15105392640 bytes, 29502720 sectors
Geometry: 16 heads, 29 sectors/track, 63581 cylinders
Units: sectors of 1 * 512 = 512 bytes
Sector size (logical/physical): 512 bytes / 512 bytes
I/O size (minimum/optimal): 512 bytes / 512 bytes
Disklabel type: sun

Device     Start      End  Sectors  Size Id Type       Flags
/dev/sdbu3     0 29501583 29501584 14.1G  5 Whole disk    u
/dev/sdbu8     0 29501583 29501584 14.1G  f unknown       u


Disk /dev/sdbv: 112.6 GiB, 120843141120 bytes, 236021760 sectors
Geometry: 16 heads, 226 sectors/track, 65269 cylinders
Units: sectors of 1 * 512 = 512 bytes
Sector size (logical/physical): 512 bytes / 512 bytes
I/O size (minimum/optimal): 512 bytes / 512 bytes
Disklabel type: sun

Device     Start       End   Sectors   Size Id Type       Flags
/dev/sdbv3     0 236012703 236012704 112.6G  5 Whole disk    u
/dev/sdbv8     0 236012703 236012704 112.6G  f unknown       u


Disk /dev/sdbw: 112.6 GiB, 120843141120 bytes, 236021760 sectors
Geometry: 16 heads, 226 sectors/track, 65269 cylinders
Units: sectors of 1 * 512 = 512 bytes
Sector size (logical/physical): 512 bytes / 512 bytes
I/O size (minimum/optimal): 512 bytes / 512 bytes
Disklabel type: sun

Device     Start       End   Sectors   Size Id Type       Flags
/dev/sdbw3     0 236012703 236012704 112.6G  5 Whole disk    u
/dev/sdbw8     0 236012703 236012704 112.6G  f unknown       u


Disk /dev/sdbx: 225.1 GiB, 241686282240 bytes, 472043520 sectors
Geometry: 16 heads, 451 sectors/track, 65414 cylinders
Units: sectors of 1 * 512 = 512 bytes
Sector size (logical/physical): 512 bytes / 512 bytes
I/O size (minimum/optimal): 512 bytes / 512 bytes
Disklabel type: sun

Device     Start       End   Sectors   Size Id Type       Flags
/dev/sdbx3     0 472027423 472027424 225.1G  5 Whole disk    u
/dev/sdbx8     0 472027423 472027424 225.1G  f unknown       u


Disk /dev/sdby: 225.1 GiB, 241686282240 bytes, 472043520 sectors
Geometry: 16 heads, 451 sectors/track, 65414 cylinders
Units: sectors of 1 * 512 = 512 bytes
Sector size (logical/physical): 512 bytes / 512 bytes
I/O size (minimum/optimal): 512 bytes / 512 bytes
Disklabel type: sun

Device     Start       End   Sectors   Size Id Type       Flags
/dev/sdby3     0 472027423 472027424 225.1G  5 Whole disk    u
/dev/sdby8     0 472027423 472027424 225.1G  f unknown       u


Disk /dev/sdbz: 56.3 GiB, 60421570560 bytes, 118010880 sectors
Geometry: 16 heads, 113 sectors/track, 65269 cylinders
Units: sectors of 1 * 512 = 512 bytes
Sector size (logical/physical): 512 bytes / 512 bytes
I/O size (minimum/optimal): 512 bytes / 512 bytes
Disklabel type: sun

Device     Start       End   Sectors  Size Id Type       Flags
/dev/sdbz3     0 118006351 118006352 56.3G  5 Whole disk    u
/dev/sdbz8     0 118006351 118006352 56.3G  f unknown       u


Disk /dev/sdca: 56.3 GiB, 60421570560 bytes, 118010880 sectors
Geometry: 16 heads, 113 sectors/track, 65269 cylinders
Units: sectors of 1 * 512 = 512 bytes
Sector size (logical/physical): 512 bytes / 512 bytes
I/O size (minimum/optimal): 512 bytes / 512 bytes
Disklabel type: sun

Device     Start       End   Sectors  Size Id Type       Flags
/dev/sdca3     0 118006351 118006352 56.3G  5 Whole disk    u
/dev/sdca8     0 118006351 118006352 56.3G  f unknown       u


Disk /dev/sdcb: 56.3 GiB, 60421570560 bytes, 118010880 sectors
Geometry: 16 heads, 113 sectors/track, 65269 cylinders
Units: sectors of 1 * 512 = 512 bytes
Sector size (logical/physical): 512 bytes / 512 bytes
I/O size (minimum/optimal): 512 bytes / 512 bytes
Disklabel type: sun

Device     Start       End   Sectors  Size Id Type       Flags
/dev/sdcb3     0 118006351 118006352 56.3G  5 Whole disk    u
/dev/sdcb8     0 118006351 118006352 56.3G  f unknown       u


Disk /dev/sdcc: 56.3 GiB, 60421570560 bytes, 118010880 sectors
Geometry: 16 heads, 113 sectors/track, 65269 cylinders
Units: sectors of 1 * 512 = 512 bytes
Sector size (logical/physical): 512 bytes / 512 bytes
I/O size (minimum/optimal): 512 bytes / 512 bytes
Disklabel type: sun

Device     Start       End   Sectors  Size Id Type       Flags
/dev/sdcc3     0 118006351 118006352 56.3G  5 Whole disk    u
/dev/sdcc8     0 118006351 118006352 56.3G  f unknown       u


Disk /dev/sdcd: 56.3 GiB, 60421570560 bytes, 118010880 sectors
Geometry: 16 heads, 113 sectors/track, 65269 cylinders
Units: sectors of 1 * 512 = 512 bytes
Sector size (logical/physical): 512 bytes / 512 bytes
I/O size (minimum/optimal): 512 bytes / 512 bytes
Disklabel type: sun

Device     Start       End   Sectors  Size Id Type       Flags
/dev/sdcd3     0 118006351 118006352 56.3G  5 Whole disk    u
/dev/sdcd8     0 118006351 118006352 56.3G  f unknown       u


Disk /dev/sdcf: 56.3 GiB, 60421570560 bytes, 118010880 sectors
Geometry: 16 heads, 113 sectors/track, 65269 cylinders
Units: sectors of 1 * 512 = 512 bytes
Sector size (logical/physical): 512 bytes / 512 bytes
I/O size (minimum/optimal): 512 bytes / 512 bytes
Disklabel type: sun

Device     Start       End   Sectors  Size Id Type       Flags
/dev/sdcf3     0 118006351 118006352 56.3G  5 Whole disk    u
/dev/sdcf8     0 118006351 118006352 56.3G  f unknown       u


Disk /dev/sdce: 56.3 GiB, 60421570560 bytes, 118010880 sectors
Geometry: 16 heads, 113 sectors/track, 65269 cylinders
Units: sectors of 1 * 512 = 512 bytes
Sector size (logical/physical): 512 bytes / 512 bytes
I/O size (minimum/optimal): 512 bytes / 512 bytes
Disklabel type: sun

Device     Start       End   Sectors  Size Id Type       Flags
/dev/sdce3     0 118006351 118006352 56.3G  5 Whole disk    u
/dev/sdce8     0 118006351 118006352 56.3G  f unknown       u


Disk /dev/sdcg: 56.3 GiB, 60421570560 bytes, 118010880 sectors
Geometry: 16 heads, 113 sectors/track, 65269 cylinders
Units: sectors of 1 * 512 = 512 bytes
Sector size (logical/physical): 512 bytes / 512 bytes
I/O size (minimum/optimal): 512 bytes / 512 bytes
Disklabel type: sun

Device     Start       End   Sectors  Size Id Type       Flags
/dev/sdcg3     0 118006351 118006352 56.3G  5 Whole disk    u
/dev/sdcg8     0 118006351 118006352 56.3G  f unknown       u


Disk /dev/sdch: 56.3 GiB, 60421570560 bytes, 118010880 sectors
Geometry: 16 heads, 113 sectors/track, 65269 cylinders
Units: sectors of 1 * 512 = 512 bytes
Sector size (logical/physical): 512 bytes / 512 bytes
I/O size (minimum/optimal): 512 bytes / 512 bytes
Disklabel type: sun

Device     Start       End   Sectors  Size Id Type       Flags
/dev/sdch3     0 118006351 118006352 56.3G  5 Whole disk    u
/dev/sdch8     0 118006351 118006352 56.3G  f unknown       u


Disk /dev/sdci: 14.1 GiB, 15105392640 bytes, 29502720 sectors
Geometry: 16 heads, 29 sectors/track, 63581 cylinders
Units: sectors of 1 * 512 = 512 bytes
Sector size (logical/physical): 512 bytes / 512 bytes
I/O size (minimum/optimal): 512 bytes / 512 bytes
Disklabel type: sun

Device     Start      End  Sectors  Size Id Type       Flags
/dev/sdci3     0 29501583 29501584 14.1G  5 Whole disk    u
/dev/sdci8     0 29501583 29501584 14.1G  f unknown       u


Disk /dev/sdcj: 14.1 GiB, 15105392640 bytes, 29502720 sectors
Geometry: 16 heads, 29 sectors/track, 63581 cylinders
Units: sectors of 1 * 512 = 512 bytes
Sector size (logical/physical): 512 bytes / 512 bytes
I/O size (minimum/optimal): 512 bytes / 512 bytes
Disklabel type: sun

Device     Start      End  Sectors  Size Id Type       Flags
/dev/sdcj3     0 29501583 29501584 14.1G  5 Whole disk    u
/dev/sdcj8     0 29501583 29501584 14.1G  f unknown       u


Disk /dev/sdck: 112.6 GiB, 120843141120 bytes, 236021760 sectors
Geometry: 16 heads, 226 sectors/track, 65269 cylinders
Units: sectors of 1 * 512 = 512 bytes
Sector size (logical/physical): 512 bytes / 512 bytes
I/O size (minimum/optimal): 512 bytes / 512 bytes
Disklabel type: sun

Device     Start       End   Sectors   Size Id Type       Flags
/dev/sdck3     0 236012703 236012704 112.6G  5 Whole disk    u
/dev/sdck8     0 236012703 236012704 112.6G  f unknown       u


Disk /dev/sdcl: 112.6 GiB, 120843141120 bytes, 236021760 sectors
Geometry: 16 heads, 226 sectors/track, 65269 cylinders
Units: sectors of 1 * 512 = 512 bytes
Sector size (logical/physical): 512 bytes / 512 bytes
I/O size (minimum/optimal): 512 bytes / 512 bytes
Disklabel type: sun

Device     Start       End   Sectors   Size Id Type       Flags
/dev/sdcl3     0 236012703 236012704 112.6G  5 Whole disk    u
/dev/sdcl8     0 236012703 236012704 112.6G  f unknown       u


Disk /dev/sdcm: 56.3 GiB, 60421570560 bytes, 118010880 sectors
Geometry: 16 heads, 113 sectors/track, 65269 cylinders
Units: sectors of 1 * 512 = 512 bytes
Sector size (logical/physical): 512 bytes / 512 bytes
I/O size (minimum/optimal): 512 bytes / 512 bytes
Disklabel type: sun

Device     Start       End   Sectors  Size Id Type       Flags
/dev/sdcm3     0 118006351 118006352 56.3G  5 Whole disk    u
/dev/sdcm8     0 118006351 118006352 56.3G  f unknown       u


Disk /dev/sdcn: 56.3 GiB, 60421570560 bytes, 118010880 sectors
Geometry: 16 heads, 113 sectors/track, 65269 cylinders
Units: sectors of 1 * 512 = 512 bytes
Sector size (logical/physical): 512 bytes / 512 bytes
I/O size (minimum/optimal): 512 bytes / 512 bytes
Disklabel type: sun

Device     Start       End   Sectors  Size Id Type       Flags
/dev/sdcn3     0 118006351 118006352 56.3G  5 Whole disk    u
/dev/sdcn8     0 118006351 118006352 56.3G  f unknown       u


Disk /dev/sdco: 56.3 GiB, 60421570560 bytes, 118010880 sectors
Geometry: 16 heads, 113 sectors/track, 65269 cylinders
Units: sectors of 1 * 512 = 512 bytes
Sector size (logical/physical): 512 bytes / 512 bytes
I/O size (minimum/optimal): 512 bytes / 512 bytes
Disklabel type: sun

Device     Start       End   Sectors  Size Id Type       Flags
/dev/sdco3     0 118006351 118006352 56.3G  5 Whole disk    u
/dev/sdco8     0 118006351 118006352 56.3G  f unknown       u


Disk /dev/sdcq: 56.3 GiB, 60421570560 bytes, 118010880 sectors
Geometry: 16 heads, 113 sectors/track, 65269 cylinders
Units: sectors of 1 * 512 = 512 bytes
Sector size (logical/physical): 512 bytes / 512 bytes
I/O size (minimum/optimal): 512 bytes / 512 bytes
Disklabel type: sun

Device     Start       End   Sectors  Size Id Type       Flags
/dev/sdcq3     0 118006351 118006352 56.3G  5 Whole disk    u
/dev/sdcq8     0 118006351 118006352 56.3G  f unknown       u


Disk /dev/sdcr: 56.3 GiB, 60421570560 bytes, 118010880 sectors
Geometry: 16 heads, 113 sectors/track, 65269 cylinders
Units: sectors of 1 * 512 = 512 bytes
Sector size (logical/physical): 512 bytes / 512 bytes
I/O size (minimum/optimal): 512 bytes / 512 bytes
Disklabel type: sun

Device     Start       End   Sectors  Size Id Type       Flags
/dev/sdcr3     0 118006351 118006352 56.3G  5 Whole disk    u
/dev/sdcr8     0 118006351 118006352 56.3G  f unknown       u


Disk /dev/sdcs: 56.3 GiB, 60421570560 bytes, 118010880 sectors
Geometry: 16 heads, 113 sectors/track, 65269 cylinders
Units: sectors of 1 * 512 = 512 bytes
Sector size (logical/physical): 512 bytes / 512 bytes
I/O size (minimum/optimal): 512 bytes / 512 bytes
Disklabel type: sun

Device     Start       End   Sectors  Size Id Type       Flags
/dev/sdcs3     0 118006351 118006352 56.3G  5 Whole disk    u
/dev/sdcs8     0 118006351 118006352 56.3G  f unknown       u


Disk /dev/sdcp: 56.3 GiB, 60421570560 bytes, 118010880 sectors
Geometry: 16 heads, 113 sectors/track, 65269 cylinders
Units: sectors of 1 * 512 = 512 bytes
Sector size (logical/physical): 512 bytes / 512 bytes
I/O size (minimum/optimal): 512 bytes / 512 bytes
Disklabel type: sun

Device     Start       End   Sectors  Size Id Type       Flags
/dev/sdcp3     0 118006351 118006352 56.3G  5 Whole disk    u
/dev/sdcp8     0 118006351 118006352 56.3G  f unknown       u


Disk /dev/sdct: 56.3 GiB, 60421570560 bytes, 118010880 sectors
Geometry: 16 heads, 113 sectors/track, 65269 cylinders
Units: sectors of 1 * 512 = 512 bytes
Sector size (logical/physical): 512 bytes / 512 bytes
I/O size (minimum/optimal): 512 bytes / 512 bytes
Disklabel type: sun

Device     Start       End   Sectors  Size Id Type       Flags
/dev/sdct3     0 118006351 118006352 56.3G  5 Whole disk    u
/dev/sdct8     0 118006351 118006352 56.3G  f unknown       u


Disk /dev/sdcu: 56.3 GiB, 60421570560 bytes, 118010880 sectors
Geometry: 16 heads, 113 sectors/track, 65269 cylinders
Units: sectors of 1 * 512 = 512 bytes
Sector size (logical/physical): 512 bytes / 512 bytes
I/O size (minimum/optimal): 512 bytes / 512 bytes
Disklabel type: sun

Device     Start       End   Sectors  Size Id Type       Flags
/dev/sdcu3     0 118006351 118006352 56.3G  5 Whole disk    u
/dev/sdcu8     0 118006351 118006352 56.3G  f unknown       u


Disk /dev/sdcv: 56.3 GiB, 60421570560 bytes, 118010880 sectors
Geometry: 16 heads, 113 sectors/track, 65269 cylinders
Units: sectors of 1 * 512 = 512 bytes
Sector size (logical/physical): 512 bytes / 512 bytes
I/O size (minimum/optimal): 512 bytes / 512 bytes
Disklabel type: sun

Device     Start       End   Sectors  Size Id Type       Flags
/dev/sdcv3     0 118006351 118006352 56.3G  5 Whole disk    u
/dev/sdcv8     0 118006351 118006352 56.3G  f unknown       u


Disk /dev/sdcw: 56.3 GiB, 60421570560 bytes, 118010880 sectors
Geometry: 16 heads, 113 sectors/track, 65269 cylinders
Units: sectors of 1 * 512 = 512 bytes
Sector size (logical/physical): 512 bytes / 512 bytes
I/O size (minimum/optimal): 512 bytes / 512 bytes
Disklabel type: sun

Device     Start       End   Sectors  Size Id Type       Flags
/dev/sdcw3     0 118006351 118006352 56.3G  5 Whole disk    u
/dev/sdcw8     0 118006351 118006352 56.3G  f unknown       u


Disk /dev/sdcx: 56.3 GiB, 60421570560 bytes, 118010880 sectors
Geometry: 16 heads, 113 sectors/track, 65269 cylinders
Units: sectors of 1 * 512 = 512 bytes
Sector size (logical/physical): 512 bytes / 512 bytes
I/O size (minimum/optimal): 512 bytes / 512 bytes
Disklabel type: sun

Device     Start       End   Sectors  Size Id Type       Flags
/dev/sdcx3     0 118006351 118006352 56.3G  5 Whole disk    u
/dev/sdcx8     0 118006351 118006352 56.3G  f unknown       u


Disk /dev/sdcz: 14.1 GiB, 15105392640 bytes, 29502720 sectors
Geometry: 16 heads, 29 sectors/track, 63581 cylinders
Units: sectors of 1 * 512 = 512 bytes
Sector size (logical/physical): 512 bytes / 512 bytes
I/O size (minimum/optimal): 512 bytes / 512 bytes
Disklabel type: sun

Device     Start      End  Sectors  Size Id Type       Flags
/dev/sdcz3     0 29501583 29501584 14.1G  5 Whole disk    u
/dev/sdcz8     0 29501583 29501584 14.1G  f unknown       u


Disk /dev/sdcy: 14.1 GiB, 15105392640 bytes, 29502720 sectors
Geometry: 16 heads, 29 sectors/track, 63581 cylinders
Units: sectors of 1 * 512 = 512 bytes
Sector size (logical/physical): 512 bytes / 512 bytes
I/O size (minimum/optimal): 512 bytes / 512 bytes
Disklabel type: sun

Device     Start      End  Sectors  Size Id Type       Flags
/dev/sdcy3     0 29501583 29501584 14.1G  5 Whole disk    u
/dev/sdcy8     0 29501583 29501584 14.1G  f unknown       u


Disk /dev/sdda: 112.6 GiB, 120843141120 bytes, 236021760 sectors
Geometry: 16 heads, 226 sectors/track, 65269 cylinders
Units: sectors of 1 * 512 = 512 bytes
Sector size (logical/physical): 512 bytes / 512 bytes
I/O size (minimum/optimal): 512 bytes / 512 bytes
Disklabel type: sun

Device     Start       End   Sectors   Size Id Type       Flags
/dev/sdda3     0 236012703 236012704 112.6G  5 Whole disk    u
/dev/sdda8     0 236012703 236012704 112.6G  f unknown       u


Disk /dev/sddb: 112.6 GiB, 120843141120 bytes, 236021760 sectors
Geometry: 16 heads, 226 sectors/track, 65269 cylinders
Units: sectors of 1 * 512 = 512 bytes
Sector size (logical/physical): 512 bytes / 512 bytes
I/O size (minimum/optimal): 512 bytes / 512 bytes
Disklabel type: sun

Device     Start       End   Sectors   Size Id Type       Flags
/dev/sddb3     0 236012703 236012704 112.6G  5 Whole disk    u
/dev/sddb8     0 236012703 236012704 112.6G  f unknown       u


Disk /dev/sddc: 225.1 GiB, 241686282240 bytes, 472043520 sectors
Geometry: 16 heads, 451 sectors/track, 65414 cylinders
Units: sectors of 1 * 512 = 512 bytes
Sector size (logical/physical): 512 bytes / 512 bytes
I/O size (minimum/optimal): 512 bytes / 512 bytes
Disklabel type: sun

Device     Start       End   Sectors   Size Id Type       Flags
/dev/sddc3     0 472027423 472027424 225.1G  5 Whole disk    u
/dev/sddc8     0 472027423 472027424 225.1G  f unknown       u


Disk /dev/sddd: 225.1 GiB, 241686282240 bytes, 472043520 sectors
Geometry: 16 heads, 451 sectors/track, 65414 cylinders
Units: sectors of 1 * 512 = 512 bytes
Sector size (logical/physical): 512 bytes / 512 bytes
I/O size (minimum/optimal): 512 bytes / 512 bytes
Disklabel type: sun

Device     Start       End   Sectors   Size Id Type       Flags
/dev/sddd3     0 472027423 472027424 225.1G  5 Whole disk    u
/dev/sddd8     0 472027423 472027424 225.1G  f unknown       u


Disk /dev/sdde: 56.3 GiB, 60421570560 bytes, 118010880 sectors
Geometry: 16 heads, 113 sectors/track, 65269 cylinders
Units: sectors of 1 * 512 = 512 bytes
Sector size (logical/physical): 512 bytes / 512 bytes
I/O size (minimum/optimal): 512 bytes / 512 bytes
Disklabel type: sun

Device     Start       End   Sectors  Size Id Type       Flags
/dev/sdde3     0 118006351 118006352 56.3G  5 Whole disk    u
/dev/sdde8     0 118006351 118006352 56.3G  f unknown       u


Disk /dev/sddf: 56.3 GiB, 60421570560 bytes, 118010880 sectors
Geometry: 16 heads, 113 sectors/track, 65269 cylinders
Units: sectors of 1 * 512 = 512 bytes
Sector size (logical/physical): 512 bytes / 512 bytes
I/O size (minimum/optimal): 512 bytes / 512 bytes
Disklabel type: sun

Device     Start       End   Sectors  Size Id Type       Flags
/dev/sddf3     0 118006351 118006352 56.3G  5 Whole disk    u
/dev/sddf8     0 118006351 118006352 56.3G  f unknown       u


Disk /dev/sddg: 56.3 GiB, 60421570560 bytes, 118010880 sectors
Geometry: 16 heads, 113 sectors/track, 65269 cylinders
Units: sectors of 1 * 512 = 512 bytes
Sector size (logical/physical): 512 bytes / 512 bytes
I/O size (minimum/optimal): 512 bytes / 512 bytes
Disklabel type: sun

Device     Start       End   Sectors  Size Id Type       Flags
/dev/sddg3     0 118006351 118006352 56.3G  5 Whole disk    u
/dev/sddg8     0 118006351 118006352 56.3G  f unknown       u


Disk /dev/sddh: 56.3 GiB, 60421570560 bytes, 118010880 sectors
Geometry: 16 heads, 113 sectors/track, 65269 cylinders
Units: sectors of 1 * 512 = 512 bytes
Sector size (logical/physical): 512 bytes / 512 bytes
I/O size (minimum/optimal): 512 bytes / 512 bytes
Disklabel type: sun

Device     Start       End   Sectors  Size Id Type       Flags
/dev/sddh3     0 118006351 118006352 56.3G  5 Whole disk    u
/dev/sddh8     0 118006351 118006352 56.3G  f unknown       u


Disk /dev/sddi: 56.3 GiB, 60421570560 bytes, 118010880 sectors
Geometry: 16 heads, 113 sectors/track, 65269 cylinders
Units: sectors of 1 * 512 = 512 bytes
Sector size (logical/physical): 512 bytes / 512 bytes
I/O size (minimum/optimal): 512 bytes / 512 bytes
Disklabel type: sun

Device     Start       End   Sectors  Size Id Type       Flags
/dev/sddi3     0 118006351 118006352 56.3G  5 Whole disk    u
/dev/sddi8     0 118006351 118006352 56.3G  f unknown       u


Disk /dev/sddj: 56.3 GiB, 60421570560 bytes, 118010880 sectors
Geometry: 16 heads, 113 sectors/track, 65269 cylinders
Units: sectors of 1 * 512 = 512 bytes
Sector size (logical/physical): 512 bytes / 512 bytes
I/O size (minimum/optimal): 512 bytes / 512 bytes
Disklabel type: sun

Device     Start       End   Sectors  Size Id Type       Flags
/dev/sddj3     0 118006351 118006352 56.3G  5 Whole disk    u
/dev/sddj8     0 118006351 118006352 56.3G  f unknown       u


Disk /dev/sddk: 56.3 GiB, 60421570560 bytes, 118010880 sectors
Geometry: 16 heads, 113 sectors/track, 65269 cylinders
Units: sectors of 1 * 512 = 512 bytes
Sector size (logical/physical): 512 bytes / 512 bytes
I/O size (minimum/optimal): 512 bytes / 512 bytes
Disklabel type: sun

Device     Start       End   Sectors  Size Id Type       Flags
/dev/sddk3     0 118006351 118006352 56.3G  5 Whole disk    u
/dev/sddk8     0 118006351 118006352 56.3G  f unknown       u


Disk /dev/sddl: 56.3 GiB, 60421570560 bytes, 118010880 sectors
Geometry: 16 heads, 113 sectors/track, 65269 cylinders
Units: sectors of 1 * 512 = 512 bytes
Sector size (logical/physical): 512 bytes / 512 bytes
I/O size (minimum/optimal): 512 bytes / 512 bytes
Disklabel type: sun

Device     Start       End   Sectors  Size Id Type       Flags
/dev/sddl3     0 118006351 118006352 56.3G  5 Whole disk    u
/dev/sddl8     0 118006351 118006352 56.3G  f unknown       u


Disk /dev/sddn: 14.1 GiB, 15105392640 bytes, 29502720 sectors
Geometry: 16 heads, 29 sectors/track, 63581 cylinders
Units: sectors of 1 * 512 = 512 bytes
Sector size (logical/physical): 512 bytes / 512 bytes
I/O size (minimum/optimal): 512 bytes / 512 bytes
Disklabel type: sun

Device     Start      End  Sectors  Size Id Type       Flags
/dev/sddn3     0 29501583 29501584 14.1G  5 Whole disk    u
/dev/sddn8     0 29501583 29501584 14.1G  f unknown       u


Disk /dev/sddm: 56.3 GiB, 60421570560 bytes, 118010880 sectors
Geometry: 16 heads, 113 sectors/track, 65269 cylinders
Units: sectors of 1 * 512 = 512 bytes
Sector size (logical/physical): 512 bytes / 512 bytes
I/O size (minimum/optimal): 512 bytes / 512 bytes
Disklabel type: sun

Device     Start       End   Sectors  Size Id Type       Flags
/dev/sddm3     0 118006351 118006352 56.3G  5 Whole disk    u
/dev/sddm8     0 118006351 118006352 56.3G  f unknown       u


Disk /dev/sddo: 14.1 GiB, 15105392640 bytes, 29502720 sectors
Geometry: 16 heads, 29 sectors/track, 63581 cylinders
Units: sectors of 1 * 512 = 512 bytes
Sector size (logical/physical): 512 bytes / 512 bytes
I/O size (minimum/optimal): 512 bytes / 512 bytes
Disklabel type: sun

Device     Start      End  Sectors  Size Id Type       Flags
/dev/sddo3     0 29501583 29501584 14.1G  5 Whole disk    u
/dev/sddo8     0 29501583 29501584 14.1G  f unknown       u


Disk /dev/sddp: 112.6 GiB, 120843141120 bytes, 236021760 sectors
Geometry: 16 heads, 226 sectors/track, 65269 cylinders
Units: sectors of 1 * 512 = 512 bytes
Sector size (logical/physical): 512 bytes / 512 bytes
I/O size (minimum/optimal): 512 bytes / 512 bytes
Disklabel type: sun

Device     Start       End   Sectors   Size Id Type       Flags
/dev/sddp3     0 236012703 236012704 112.6G  5 Whole disk    u
/dev/sddp8     0 236012703 236012704 112.6G  f unknown       u


Disk /dev/sddq: 112.6 GiB, 120843141120 bytes, 236021760 sectors
Geometry: 16 heads, 226 sectors/track, 65269 cylinders
Units: sectors of 1 * 512 = 512 bytes
Sector size (logical/physical): 512 bytes / 512 bytes
I/O size (minimum/optimal): 512 bytes / 512 bytes
Disklabel type: sun

Device     Start       End   Sectors   Size Id Type       Flags
/dev/sddq3     0 236012703 236012704 112.6G  5 Whole disk    u
/dev/sddq8     0 236012703 236012704 112.6G  f unknown       u


Disk /dev/sddr: 56.3 GiB, 60421570560 bytes, 118010880 sectors
Geometry: 16 heads, 113 sectors/track, 65269 cylinders
Units: sectors of 1 * 512 = 512 bytes
Sector size (logical/physical): 512 bytes / 512 bytes
I/O size (minimum/optimal): 512 bytes / 512 bytes
Disklabel type: sun

Device     Start       End   Sectors  Size Id Type       Flags
/dev/sddr3     0 118006351 118006352 56.3G  5 Whole disk    u
/dev/sddr8     0 118006351 118006352 56.3G  f unknown       u


Disk /dev/sdds: 56.3 GiB, 60421570560 bytes, 118010880 sectors
Geometry: 16 heads, 113 sectors/track, 65269 cylinders
Units: sectors of 1 * 512 = 512 bytes
Sector size (logical/physical): 512 bytes / 512 bytes
I/O size (minimum/optimal): 512 bytes / 512 bytes
Disklabel type: sun

Device     Start       End   Sectors  Size Id Type       Flags
/dev/sdds3     0 118006351 118006352 56.3G  5 Whole disk    u
/dev/sdds8     0 118006351 118006352 56.3G  f unknown       u


Disk /dev/sddt: 56.3 GiB, 60421570560 bytes, 118010880 sectors
Geometry: 16 heads, 113 sectors/track, 65269 cylinders
Units: sectors of 1 * 512 = 512 bytes
Sector size (logical/physical): 512 bytes / 512 bytes
I/O size (minimum/optimal): 512 bytes / 512 bytes
Disklabel type: sun

Device     Start       End   Sectors  Size Id Type       Flags
/dev/sddt3     0 118006351 118006352 56.3G  5 Whole disk    u
/dev/sddt8     0 118006351 118006352 56.3G  f unknown       u


Disk /dev/sddu: 56.3 GiB, 60421570560 bytes, 118010880 sectors
Geometry: 16 heads, 113 sectors/track, 65269 cylinders
Units: sectors of 1 * 512 = 512 bytes
Sector size (logical/physical): 512 bytes / 512 bytes
I/O size (minimum/optimal): 512 bytes / 512 bytes
Disklabel type: sun

Device     Start       End   Sectors  Size Id Type       Flags
/dev/sddu3     0 118006351 118006352 56.3G  5 Whole disk    u
/dev/sddu8     0 118006351 118006352 56.3G  f unknown       u


Disk /dev/VxVM13000: 66 GiB, 70866960384 bytes, 138412032 sectors
Units: sectors of 1 * 512 = 512 bytes
Sector size (logical/physical): 512 bytes / 512 bytes
I/O size (minimum/optimal): 512 bytes / 512 bytes


Disk /dev/VxVM13001: 46 GiB, 49392123904 bytes, 96468992 sectors
Units: sectors of 1 * 512 = 512 bytes
Sector size (logical/physical): 512 bytes / 512 bytes
I/O size (minimum/optimal): 512 bytes / 512 bytes


Disk /dev/VxVM5000: 450.1 GiB, 483275046912 bytes, 943896576 sectors
Units: sectors of 1 * 512 = 512 bytes
Sector size (logical/physical): 512 bytes / 512 bytes
I/O size (minimum/optimal): 512 bytes / 512 bytes


Disk /dev/VxVM30000: 112.5 GiB, 120790712320 bytes, 235919360 sectors
Units: sectors of 1 * 512 = 512 bytes
Sector size (logical/physical): 512 bytes / 512 bytes
I/O size (minimum/optimal): 512 bytes / 512 bytes


Disk /dev/VxVM27000: 112.5 GiB, 120757157888 bytes, 235853824 sectors
Units: sectors of 1 * 512 = 512 bytes
Sector size (logical/physical): 512 bytes / 512 bytes
I/O size (minimum/optimal): 512 bytes / 512 bytes


Disk /dev/VxVM18000: 112.5 GiB, 120757157888 bytes, 235853824 sectors
Units: sectors of 1 * 512 = 512 bytes
Sector size (logical/physical): 512 bytes / 512 bytes
I/O size (minimum/optimal): 512 bytes / 512 bytes


Disk /dev/VxVM7000: 112.5 GiB, 120757157888 bytes, 235853824 sectors
Units: sectors of 1 * 512 = 512 bytes
Sector size (logical/physical): 512 bytes / 512 bytes
I/O size (minimum/optimal): 512 bytes / 512 bytes


Disk /dev/VxVM4000: 112.5 GiB, 120757157888 bytes, 235853824 sectors
Units: sectors of 1 * 512 = 512 bytes
Sector size (logical/physical): 512 bytes / 512 bytes
I/O size (minimum/optimal): 512 bytes / 512 bytes


Disk /dev/VxVM3: 7 GiB, 7516192768 bytes, 14680064 sectors
Units: sectors of 1 * 512 = 512 bytes
Sector size (logical/physical): 512 bytes / 512 bytes
I/O size (minimum/optimal): 512 bytes / 512 bytes


Disk /dev/VxVM4: 7 GiB, 7516192768 bytes, 14680064 sectors
Units: sectors of 1 * 512 = 512 bytes
Sector size (logical/physical): 512 bytes / 512 bytes
I/O size (minimum/optimal): 512 bytes / 512 bytes


Disk /dev/VxVM8000: 7 GiB, 7516192768 bytes, 14680064 sectors
Units: sectors of 1 * 512 = 512 bytes
Sector size (logical/physical): 512 bytes / 512 bytes
I/O size (minimum/optimal): 512 bytes / 512 bytes


Disk /dev/VxVM8001: 7 GiB, 7516192768 bytes, 14680064 sectors
Units: sectors of 1 * 512 = 512 bytes
Sector size (logical/physical): 512 bytes / 512 bytes
I/O size (minimum/optimal): 512 bytes / 512 bytes
lp02wdp01:/root # blkid
/dev/block/8:1: LABEL="BOOT" UUID="1b2d0efc-b82f-42df-a5e4-274adafa6256" TYPE="ext3" PARTUUID="a216c4f4-01"
/dev/block/8:4: UUID="c0gy0S-60B2-D1YM-5wD1-MRDA-LQdW-F7EbAS" TYPE="LVM2_member" PARTUUID="a216c4f4-04"
/dev/block/8:2: LABEL="ROOT" UUID="226d692e-6b76-4ee5-a8ca-6c039c7137a6" UUID_SUB="68fdad5b-06bd-428b-89bc-c4e021623118" TYPE="btrfs" PARTUUID="a216c4f4-02"
/dev/block/8:3: LABEL="SWAP" UUID="aa22fcf0-7529-4b86-bec9-a6137c760b45" TYPE="swap" PARTUUID="a216c4f4-03"
/dev/sda2: LABEL="ROOT" UUID="226d692e-6b76-4ee5-a8ca-6c039c7137a6" UUID_SUB="68fdad5b-06bd-428b-89bc-c4e021623118" TYPE="btrfs" PARTUUID="a216c4f4-02"
/dev/sda1: LABEL="BOOT" UUID="1b2d0efc-b82f-42df-a5e4-274adafa6256" TYPE="ext3" PARTUUID="a216c4f4-01"
/dev/mapper/vglocal-lvvarcrash: LABEL="LVVARCRASH" UUID="39b849e9-f86a-4093-b639-c2fbede50fce" TYPE="xfs"
/dev/vx/dmp/lp02wdp01_disk_0s1: LABEL="BOOT" UUID="1b2d0efc-b82f-42df-a5e4-274adafa6256" TYPE="ext3" PARTUUID="a216c4f4-01"
/dev/vx/dmp/lp02wdp01_disk_0s2: LABEL="ROOT" UUID="226d692e-6b76-4ee5-a8ca-6c039c7137a6" UUID_SUB="68fdad5b-06bd-428b-89bc-c4e021623118" TYPE="btrfs" PARTUUID="a216c4f4-02"
/dev/vx/dmp/lp02wdp01_disk_0s3: LABEL="SWAP" UUID="aa22fcf0-7529-4b86-bec9-a6137c760b45" TYPE="swap" PARTUUID="a216c4f4-03"
/dev/vx/dmp/lp02wdp01_disk_0s4: UUID="c0gy0S-60B2-D1YM-5wD1-MRDA-LQdW-F7EbAS" TYPE="LVM2_member" PARTUUID="a216c4f4-04"
/dev/sdb3: PTTYPE="sun"
/dev/sdb8: PTTYPE="sun"
/dev/sdc3: PTTYPE="sun"
/dev/sdc8: PTTYPE="sun"
/dev/sdd3: PTTYPE="sun"
/dev/sdd8: PTTYPE="sun"
/dev/sde3: PTTYPE="sun"
/dev/sde8: PTTYPE="sun"
/dev/sdf3: PTTYPE="sun"
/dev/sdf8: PTTYPE="sun"
/dev/sdg3: PTTYPE="sun"
/dev/sdg8: PTTYPE="sun"
/dev/sdh3: PTTYPE="sun"
/dev/sdh8: PTTYPE="sun"
/dev/sdi3: PTTYPE="sun"
/dev/sdi8: PTTYPE="sun"
/dev/sdj3: PTTYPE="sun"
/dev/sdj8: PTTYPE="sun"
/dev/sdk3: PTTYPE="sun"
/dev/sdk8: PTTYPE="sun"
/dev/sdl3: PTTYPE="sun"
/dev/sdl8: PTTYPE="sun"
/dev/sdm3: PTTYPE="sun"
/dev/sdm8: PTTYPE="sun"
/dev/sdn3: PTTYPE="sun"
/dev/sdn8: PTTYPE="sun"
/dev/sdo3: PTTYPE="sun"
/dev/sdo8: PTTYPE="sun"
/dev/sdp3: PTTYPE="sun"
/dev/sdp8: PTTYPE="sun"
/dev/sdq3: PTTYPE="sun"
/dev/sdq8: PTTYPE="sun"
/dev/sdr3: PTTYPE="sun"
/dev/sdr8: PTTYPE="sun"
/dev/sds3: PTTYPE="sun"
/dev/sds8: PTTYPE="sun"
/dev/sdt3: PTTYPE="sun"
/dev/sdt8: PTTYPE="sun"
/dev/sdu3: PTTYPE="sun"
/dev/sdu8: PTTYPE="sun"
/dev/sdv3: PTTYPE="sun"
/dev/sdv8: PTTYPE="sun"
/dev/sdw3: PTTYPE="sun"
/dev/sdw8: PTTYPE="sun"
/dev/sdx3: PTTYPE="sun"
/dev/sdx8: PTTYPE="sun"
/dev/sdy3: PTTYPE="sun"
/dev/sdy8: PTTYPE="sun"
/dev/sdz3: PTTYPE="sun"
/dev/sdz8: PTTYPE="sun"
/dev/sdaa3: PTTYPE="sun"
/dev/sdaa8: PTTYPE="sun"
/dev/sdab3: PTTYPE="sun"
/dev/sdab8: PTTYPE="sun"
/dev/sdac3: PTTYPE="sun"
/dev/sdac8: PTTYPE="sun"
/dev/sdad3: PTTYPE="sun"
/dev/sdad8: PTTYPE="sun"
/dev/sdae3: PTTYPE="sun"
/dev/sdae8: PTTYPE="sun"
/dev/sdaf3: PTTYPE="sun"
/dev/sdaf8: PTTYPE="sun"
/dev/sdag3: PTTYPE="sun"
/dev/sdag8: PTTYPE="sun"
/dev/sdah3: PTTYPE="sun"
/dev/sdah8: PTTYPE="sun"
/dev/sdai3: PTTYPE="sun"
/dev/sdai8: PTTYPE="sun"
/dev/sdaj3: PTTYPE="sun"
/dev/sdaj8: PTTYPE="sun"
/dev/sdak3: PTTYPE="sun"
/dev/sdak8: PTTYPE="sun"
/dev/sdal3: PTTYPE="sun"
/dev/sdal8: PTTYPE="sun"
/dev/sdam3: PTTYPE="sun"
/dev/sdam8: PTTYPE="sun"
/dev/sdan3: PTTYPE="sun"
/dev/sdan8: PTTYPE="sun"
/dev/sdao3: PTTYPE="sun"
/dev/sdao8: PTTYPE="sun"
/dev/sdap3: PTTYPE="sun"
/dev/sdap8: PTTYPE="sun"
/dev/sdaq3: PTTYPE="sun"
/dev/sdaq8: PTTYPE="sun"
/dev/sdar3: PTTYPE="sun"
/dev/sdar8: PTTYPE="sun"
/dev/sdas3: PTTYPE="sun"
/dev/sdas8: PTTYPE="sun"
/dev/sdat3: PTTYPE="sun"
/dev/sdat8: PTTYPE="sun"
/dev/sdau3: PTTYPE="sun"
/dev/sdau8: PTTYPE="sun"
/dev/sdav3: PTTYPE="sun"
/dev/sdav8: PTTYPE="sun"
/dev/sdaw3: PTTYPE="sun"
/dev/sdaw8: PTTYPE="sun"
/dev/sdax3: PTTYPE="sun"
/dev/sdax8: PTTYPE="sun"
/dev/sday3: PTTYPE="sun"
/dev/sday8: PTTYPE="sun"
/dev/sdaz3: PTTYPE="sun"
/dev/sdaz8: PTTYPE="sun"
/dev/sdba3: PTTYPE="sun"
/dev/sdba8: PTTYPE="sun"
/dev/sdbb3: PTTYPE="sun"
/dev/sdbb8: PTTYPE="sun"
/dev/sdbc3: PTTYPE="sun"
/dev/sdbc8: PTTYPE="sun"
/dev/sdbe3: PTTYPE="sun"
/dev/sdbe8: PTTYPE="sun"
/dev/sdbd3: PTTYPE="sun"
/dev/sdbd8: PTTYPE="sun"
/dev/sdbf3: PTTYPE="sun"
/dev/sdbf8: PTTYPE="sun"
/dev/sdbg3: PTTYPE="sun"
/dev/sdbg8: PTTYPE="sun"
/dev/sdbh3: PTTYPE="sun"
/dev/sdbh8: PTTYPE="sun"
/dev/sdbi3: PTTYPE="sun"
/dev/sdbi8: PTTYPE="sun"
/dev/sdbj3: PTTYPE="sun"
/dev/sdbj8: PTTYPE="sun"
/dev/sdbk3: PTTYPE="sun"
/dev/sdbk8: PTTYPE="sun"
/dev/sdbl3: PTTYPE="sun"
/dev/sdbl8: PTTYPE="sun"
/dev/sdbm3: PTTYPE="sun"
/dev/sdbm8: PTTYPE="sun"
/dev/sdbn3: PTTYPE="sun"
/dev/sdbn8: PTTYPE="sun"
/dev/sdbo3: PTTYPE="sun"
/dev/sdbo8: PTTYPE="sun"
/dev/sdbp3: PTTYPE="sun"
/dev/sdbp8: PTTYPE="sun"
/dev/sdbq3: PTTYPE="sun"
/dev/sdbq8: PTTYPE="sun"
/dev/sdbr3: PTTYPE="sun"
/dev/sdbr8: PTTYPE="sun"
/dev/sdbs3: PTTYPE="sun"
/dev/sdbs8: PTTYPE="sun"
/dev/sdbt3: PTTYPE="sun"
/dev/sdbt8: PTTYPE="sun"
/dev/sdbu3: PTTYPE="sun"
/dev/sdbu8: PTTYPE="sun"
/dev/sdbv3: PTTYPE="sun"
/dev/sdbv8: PTTYPE="sun"
/dev/sdbw3: PTTYPE="sun"
/dev/sdbw8: PTTYPE="sun"
/dev/sdbx3: PTTYPE="sun"
/dev/sdbx8: PTTYPE="sun"
/dev/sdby3: PTTYPE="sun"
/dev/sdby8: PTTYPE="sun"
/dev/sdbz3: PTTYPE="sun"
/dev/sdbz8: PTTYPE="sun"
/dev/sdca3: PTTYPE="sun"
/dev/sdca8: PTTYPE="sun"
/dev/sdcb3: PTTYPE="sun"
/dev/sdcb8: PTTYPE="sun"
/dev/sdcc3: PTTYPE="sun"
/dev/sdcc8: PTTYPE="sun"
/dev/sdcd3: PTTYPE="sun"
/dev/sdcd8: PTTYPE="sun"
/dev/sdcf3: PTTYPE="sun"
/dev/sdcf8: PTTYPE="sun"
/dev/sdce3: PTTYPE="sun"
/dev/sdce8: PTTYPE="sun"
/dev/sdcg3: PTTYPE="sun"
/dev/sdcg8: PTTYPE="sun"
/dev/sdch3: PTTYPE="sun"
/dev/sdch8: PTTYPE="sun"
/dev/sdci3: PTTYPE="sun"
/dev/sdci8: PTTYPE="sun"
/dev/sdcj3: PTTYPE="sun"
/dev/sdcj8: PTTYPE="sun"
/dev/sdck3: PTTYPE="sun"
/dev/sdck8: PTTYPE="sun"
/dev/sdcl3: PTTYPE="sun"
/dev/sdcl8: PTTYPE="sun"
/dev/sdcm3: PTTYPE="sun"
/dev/sdcm8: PTTYPE="sun"
/dev/sdcn3: PTTYPE="sun"
/dev/sdcn8: PTTYPE="sun"
/dev/sdco3: PTTYPE="sun"
/dev/sdco8: PTTYPE="sun"
/dev/sdcq3: PTTYPE="sun"
/dev/sdcq8: PTTYPE="sun"
/dev/sdcr3: PTTYPE="sun"
/dev/sdcr8: PTTYPE="sun"
/dev/sdcs3: PTTYPE="sun"
/dev/sdcs8: PTTYPE="sun"
/dev/sdcp3: PTTYPE="sun"
/dev/sdcp8: PTTYPE="sun"
/dev/sdct3: PTTYPE="sun"
/dev/sdct8: PTTYPE="sun"
/dev/sdcu3: PTTYPE="sun"
/dev/sdcu8: PTTYPE="sun"
/dev/sdcv3: PTTYPE="sun"
/dev/sdcv8: PTTYPE="sun"
/dev/sdcw3: PTTYPE="sun"
/dev/sdcw8: PTTYPE="sun"
/dev/sdcx3: PTTYPE="sun"
/dev/sdcx8: PTTYPE="sun"
/dev/sdcz3: PTTYPE="sun"
/dev/sdcz8: PTTYPE="sun"
/dev/sdcy3: PTTYPE="sun"
/dev/sdcy8: PTTYPE="sun"
/dev/sdda3: PTTYPE="sun"
/dev/sdda8: PTTYPE="sun"
/dev/sddb3: PTTYPE="sun"
/dev/sddb8: PTTYPE="sun"
/dev/sddc3: PTTYPE="sun"
/dev/sddc8: PTTYPE="sun"
/dev/sddd3: PTTYPE="sun"
/dev/sddd8: PTTYPE="sun"
/dev/sdde3: PTTYPE="sun"
/dev/sdde8: PTTYPE="sun"
/dev/sddf3: PTTYPE="sun"
/dev/sddf8: PTTYPE="sun"
/dev/sddg3: PTTYPE="sun"
/dev/sddg8: PTTYPE="sun"
/dev/sddh3: PTTYPE="sun"
/dev/sddh8: PTTYPE="sun"
/dev/sddi3: PTTYPE="sun"
/dev/sddi8: PTTYPE="sun"
/dev/sddj3: PTTYPE="sun"
/dev/sddj8: PTTYPE="sun"
/dev/sddk3: PTTYPE="sun"
/dev/sddk8: PTTYPE="sun"
/dev/sddl3: PTTYPE="sun"
/dev/sddl8: PTTYPE="sun"
/dev/sddn3: PTTYPE="sun"
/dev/sddn8: PTTYPE="sun"
/dev/sddm3: PTTYPE="sun"
/dev/sddm8: PTTYPE="sun"
/dev/sddo3: PTTYPE="sun"
/dev/sddo8: PTTYPE="sun"
/dev/sddp3: PTTYPE="sun"
/dev/sddp8: PTTYPE="sun"
/dev/sddq3: PTTYPE="sun"
/dev/sddq8: PTTYPE="sun"
/dev/sddr3: PTTYPE="sun"
/dev/sddr8: PTTYPE="sun"
/dev/sdds3: PTTYPE="sun"
/dev/sdds8: PTTYPE="sun"
/dev/sddt3: PTTYPE="sun"
/dev/sddt8: PTTYPE="sun"
/dev/sddu3: PTTYPE="sun"
/dev/sddu8: PTTYPE="sun"
/dev/vx/dmp/lp02wdp01_disk_0: PTUUID="a216c4f4" PTTYPE="dos"
/dev/vx/dmp/hitachi_vsp0_5232: PTTYPE="sun"
/dev/vx/dmp/hitachi_vsp0_5232s3: PTTYPE="sun"
/dev/vx/dmp/hitachi_vsp0_5232s8: PTTYPE="sun"
/dev/vx/dmp/hitachi_vsp0_5231: PTTYPE="sun"
/dev/vx/dmp/hitachi_vsp0_5231s3: PTTYPE="sun"
/dev/vx/dmp/hitachi_vsp0_5231s8: PTTYPE="sun"
/dev/vx/dmp/hitachi_vsp0_515d: PTTYPE="sun"
/dev/vx/dmp/hitachi_vsp0_515ds3: PTTYPE="sun"
/dev/vx/dmp/hitachi_vsp0_515ds8: PTTYPE="sun"
/dev/vx/dmp/hitachi_vsp0_515e: PTTYPE="sun"
/dev/vx/dmp/hitachi_vsp0_515es3: PTTYPE="sun"
/dev/vx/dmp/hitachi_vsp0_515es8: PTTYPE="sun"
/dev/vx/dmp/hitachi_vsp0_515f: PTTYPE="sun"
/dev/vx/dmp/hitachi_vsp0_515fs3: PTTYPE="sun"
/dev/vx/dmp/hitachi_vsp0_515fs8: PTTYPE="sun"
/dev/vx/dmp/hitachi_vsp0_515b: PTTYPE="sun"
/dev/vx/dmp/hitachi_vsp0_515bs3: PTTYPE="sun"
/dev/vx/dmp/hitachi_vsp0_515bs8: PTTYPE="sun"
/dev/vx/dmp/hitachi_vsp0_522f: PTTYPE="sun"
/dev/vx/dmp/hitachi_vsp0_522fs3: PTTYPE="sun"
/dev/vx/dmp/hitachi_vsp0_522fs8: PTTYPE="sun"
/dev/vx/dmp/hitachi_vsp0_516a: PTTYPE="sun"
/dev/vx/dmp/hitachi_vsp0_516as3: PTTYPE="sun"
/dev/vx/dmp/hitachi_vsp0_516as8: PTTYPE="sun"
/dev/vx/dmp/hitachi_vsp0_515a: PTTYPE="sun"
/dev/vx/dmp/hitachi_vsp0_515as3: PTTYPE="sun"
/dev/vx/dmp/hitachi_vsp0_515as8: PTTYPE="sun"
/dev/vx/dmp/hitachi_vsp0_5230: PTTYPE="sun"
/dev/vx/dmp/hitachi_vsp0_5230s3: PTTYPE="sun"
/dev/vx/dmp/hitachi_vsp0_5230s8: PTTYPE="sun"
/dev/vx/dmp/hitachi_vsp0_515c: PTTYPE="sun"
/dev/vx/dmp/hitachi_vsp0_515cs3: PTTYPE="sun"
/dev/vx/dmp/hitachi_vsp0_515cs8: PTTYPE="sun"
/dev/vx/dmp/hitachi_vsp0_5159: PTTYPE="sun"
/dev/vx/dmp/hitachi_vsp0_5159s3: PTTYPE="sun"
/dev/vx/dmp/hitachi_vsp0_5159s8: PTTYPE="sun"
/dev/vx/dmp/hitachi_vsp0_5158: PTTYPE="sun"
/dev/vx/dmp/hitachi_vsp0_5158s3: PTTYPE="sun"
/dev/vx/dmp/hitachi_vsp0_5158s8: PTTYPE="sun"
/dev/vx/dmp/hitachi_vsp0_5157: PTTYPE="sun"
/dev/vx/dmp/hitachi_vsp0_5157s3: PTTYPE="sun"
/dev/vx/dmp/hitachi_vsp0_5157s8: PTTYPE="sun"
/dev/vx/dmp/hitachi_vsp0_5150: PTTYPE="sun"
/dev/vx/dmp/hitachi_vsp0_5150s3: PTTYPE="sun"
/dev/vx/dmp/hitachi_vsp0_5150s8: PTTYPE="sun"
/dev/vx/dmp/hitachi_vsp0_5168: PTTYPE="sun"
/dev/vx/dmp/hitachi_vsp0_5168s3: PTTYPE="sun"
/dev/vx/dmp/hitachi_vsp0_5168s8: PTTYPE="sun"
/dev/vx/dmp/hitachi_vsp0_5169: PTTYPE="sun"
/dev/vx/dmp/hitachi_vsp0_5169s3: PTTYPE="sun"
/dev/vx/dmp/hitachi_vsp0_5169s8: PTTYPE="sun"
/dev/vx/dmp/hitachi_vsp0_5167: PTTYPE="sun"
/dev/vx/dmp/hitachi_vsp0_5167s3: PTTYPE="sun"
/dev/vx/dmp/hitachi_vsp0_5167s8: PTTYPE="sun"
/dev/vx/dmp/hitachi_vsp0_5162: PTTYPE="sun"
/dev/vx/dmp/hitachi_vsp0_5162s3: PTTYPE="sun"
/dev/vx/dmp/hitachi_vsp0_5162s8: PTTYPE="sun"
/dev/vx/dmp/hitachi_vsp0_5163: PTTYPE="sun"
/dev/vx/dmp/hitachi_vsp0_5163s3: PTTYPE="sun"
/dev/vx/dmp/hitachi_vsp0_5163s8: PTTYPE="sun"
/dev/vx/dmp/hitachi_vsp0_5166: PTTYPE="sun"
/dev/vx/dmp/hitachi_vsp0_5166s3: PTTYPE="sun"
/dev/vx/dmp/hitachi_vsp0_5166s8: PTTYPE="sun"
/dev/vx/dmp/hitachi_vsp0_5153: PTTYPE="sun"
/dev/vx/dmp/hitachi_vsp0_5153s3: PTTYPE="sun"
/dev/vx/dmp/hitachi_vsp0_5153s8: PTTYPE="sun"
/dev/vx/dmp/hitachi_vsp0_5154: PTTYPE="sun"
/dev/vx/dmp/hitachi_vsp0_5154s3: PTTYPE="sun"
/dev/vx/dmp/hitachi_vsp0_5154s8: PTTYPE="sun"
/dev/vx/dmp/hitachi_vsp0_5151: PTTYPE="sun"
/dev/vx/dmp/hitachi_vsp0_5151s3: PTTYPE="sun"
/dev/vx/dmp/hitachi_vsp0_5151s8: PTTYPE="sun"
/dev/vx/dmp/hitachi_vsp0_5155: PTTYPE="sun"
/dev/vx/dmp/hitachi_vsp0_5155s3: PTTYPE="sun"
/dev/vx/dmp/hitachi_vsp0_5155s8: PTTYPE="sun"
/dev/vx/dmp/hitachi_vsp0_5164: PTTYPE="sun"
/dev/vx/dmp/hitachi_vsp0_5164s3: PTTYPE="sun"
/dev/vx/dmp/hitachi_vsp0_5164s8: PTTYPE="sun"
/dev/vx/dmp/hitachi_vsp0_5161: PTTYPE="sun"
/dev/vx/dmp/hitachi_vsp0_5161s3: PTTYPE="sun"
/dev/vx/dmp/hitachi_vsp0_5161s8: PTTYPE="sun"
/dev/vx/dmp/hitachi_vsp0_5156: PTTYPE="sun"
/dev/vx/dmp/hitachi_vsp0_5156s3: PTTYPE="sun"
/dev/vx/dmp/hitachi_vsp0_5156s8: PTTYPE="sun"
/dev/vx/dmp/hitachi_vsp0_5165: PTTYPE="sun"
/dev/vx/dmp/hitachi_vsp0_5165s3: PTTYPE="sun"
/dev/vx/dmp/hitachi_vsp0_5165s8: PTTYPE="sun"
/dev/vx/dmp/hitachi_vsp0_5152: PTTYPE="sun"
/dev/vx/dmp/hitachi_vsp0_5152s3: PTTYPE="sun"
/dev/vx/dmp/hitachi_vsp0_5152s8: PTTYPE="sun"
/dev/vx/dmp/hitachi_vsp0_5160: PTTYPE="sun"
/dev/vx/dmp/hitachi_vsp0_5160s3: PTTYPE="sun"
/dev/vx/dmp/hitachi_vsp0_5160s8: PTTYPE="sun"
/dev/vx/dmp/hitachi_vsp1_5232: PTTYPE="sun"
/dev/vx/dmp/hitachi_vsp1_5232s3: PTTYPE="sun"
/dev/vx/dmp/hitachi_vsp1_5232s8: PTTYPE="sun"
/dev/vx/dmp/hitachi_vsp1_515d: PTTYPE="sun"
/dev/vx/dmp/hitachi_vsp1_515ds3: PTTYPE="sun"
/dev/vx/dmp/hitachi_vsp1_515ds8: PTTYPE="sun"
/dev/vx/dmp/hitachi_vsp1_515e: PTTYPE="sun"
/dev/vx/dmp/hitachi_vsp1_515es3: PTTYPE="sun"
/dev/vx/dmp/hitachi_vsp1_515es8: PTTYPE="sun"
/dev/vx/dmp/hitachi_vsp1_5230: PTTYPE="sun"
/dev/vx/dmp/hitachi_vsp1_5230s3: PTTYPE="sun"
/dev/vx/dmp/hitachi_vsp1_5230s8: PTTYPE="sun"
/dev/vx/dmp/hitachi_vsp1_522f: PTTYPE="sun"
/dev/vx/dmp/hitachi_vsp1_522fs3: PTTYPE="sun"
/dev/vx/dmp/hitachi_vsp1_522fs8: PTTYPE="sun"
/dev/vx/dmp/hitachi_vsp1_5231: PTTYPE="sun"
/dev/vx/dmp/hitachi_vsp1_5231s3: PTTYPE="sun"
/dev/vx/dmp/hitachi_vsp1_5231s8: PTTYPE="sun"
/dev/vx/dmp/hitachi_vsp1_5169: PTTYPE="sun"
/dev/vx/dmp/hitachi_vsp1_5169s3: PTTYPE="sun"
/dev/vx/dmp/hitachi_vsp1_5169s8: PTTYPE="sun"
/dev/vx/dmp/hitachi_vsp1_515a: PTTYPE="sun"
/dev/vx/dmp/hitachi_vsp1_515as3: PTTYPE="sun"
